Archive member included because of file (symbol)

c:/eclipse/java/eclipse/plugins/fr.ac6.mcu.externaltools.arm-none.win32_1.3.0.201507241045/tools/compiler/bin/../lib/gcc/arm-none-eabi/4.9.3/../../../../arm-none-eabi/lib/armv7e-m/fpu\libm.a(lib_a-w_atan2.o)
                              src/CCaculator.o (atan2)
c:/eclipse/java/eclipse/plugins/fr.ac6.mcu.externaltools.arm-none.win32_1.3.0.201507241045/tools/compiler/bin/../lib/gcc/arm-none-eabi/4.9.3/../../../../arm-none-eabi/lib/armv7e-m/fpu\libm.a(lib_a-e_atan2.o)
                              c:/eclipse/java/eclipse/plugins/fr.ac6.mcu.externaltools.arm-none.win32_1.3.0.201507241045/tools/compiler/bin/../lib/gcc/arm-none-eabi/4.9.3/../../../../arm-none-eabi/lib/armv7e-m/fpu\libm.a(lib_a-w_atan2.o) (__ieee754_atan2)
c:/eclipse/java/eclipse/plugins/fr.ac6.mcu.externaltools.arm-none.win32_1.3.0.201507241045/tools/compiler/bin/../lib/gcc/arm-none-eabi/4.9.3/../../../../arm-none-eabi/lib/armv7e-m/fpu\libm.a(lib_a-s_atan.o)
                              c:/eclipse/java/eclipse/plugins/fr.ac6.mcu.externaltools.arm-none.win32_1.3.0.201507241045/tools/compiler/bin/../lib/gcc/arm-none-eabi/4.9.3/../../../../arm-none-eabi/lib/armv7e-m/fpu\libm.a(lib_a-e_atan2.o) (atan)
c:/eclipse/java/eclipse/plugins/fr.ac6.mcu.externaltools.arm-none.win32_1.3.0.201507241045/tools/compiler/bin/../lib/gcc/arm-none-eabi/4.9.3/../../../../arm-none-eabi/lib/armv7e-m/fpu\libm.a(lib_a-s_fabs.o)
                              c:/eclipse/java/eclipse/plugins/fr.ac6.mcu.externaltools.arm-none.win32_1.3.0.201507241045/tools/compiler/bin/../lib/gcc/arm-none-eabi/4.9.3/../../../../arm-none-eabi/lib/armv7e-m/fpu\libm.a(lib_a-e_atan2.o) (fabs)
c:/eclipse/java/eclipse/plugins/fr.ac6.mcu.externaltools.arm-none.win32_1.3.0.201507241045/tools/compiler/bin/../lib/gcc/arm-none-eabi/4.9.3/armv7e-m/fpu\libgcc.a(_arm_addsubdf3.o)
                              c:/eclipse/java/eclipse/plugins/fr.ac6.mcu.externaltools.arm-none.win32_1.3.0.201507241045/tools/compiler/bin/../lib/gcc/arm-none-eabi/4.9.3/../../../../arm-none-eabi/lib/armv7e-m/fpu\libm.a(lib_a-e_atan2.o) (__aeabi_dsub)
c:/eclipse/java/eclipse/plugins/fr.ac6.mcu.externaltools.arm-none.win32_1.3.0.201507241045/tools/compiler/bin/../lib/gcc/arm-none-eabi/4.9.3/armv7e-m/fpu\libgcc.a(_arm_muldivdf3.o)
                              src/CCaculator.o (__aeabi_dmul)
c:/eclipse/java/eclipse/plugins/fr.ac6.mcu.externaltools.arm-none.win32_1.3.0.201507241045/tools/compiler/bin/../lib/gcc/arm-none-eabi/4.9.3/armv7e-m/fpu\libgcc.a(_arm_cmpdf2.o)
                              c:/eclipse/java/eclipse/plugins/fr.ac6.mcu.externaltools.arm-none.win32_1.3.0.201507241045/tools/compiler/bin/../lib/gcc/arm-none-eabi/4.9.3/../../../../arm-none-eabi/lib/armv7e-m/fpu\libm.a(lib_a-s_atan.o) (__aeabi_dcmpgt)
c:/eclipse/java/eclipse/plugins/fr.ac6.mcu.externaltools.arm-none.win32_1.3.0.201507241045/tools/compiler/bin/../lib/gcc/arm-none-eabi/4.9.3/armv7e-m/fpu\libgcc.a(_arm_truncdfsf2.o)
                              src/CCaculator.o (__aeabi_d2f)
c:/eclipse/java/eclipse/plugins/fr.ac6.mcu.externaltools.arm-none.win32_1.3.0.201507241045/tools/compiler/bin/../lib/gcc/arm-none-eabi/4.9.3/armv7e-m/fpu\libgcc.a(_aeabi_uldivmod.o)
                              HAL_Driver/Src/stm32l4xx_hal_uart.o (__aeabi_uldivmod)
c:/eclipse/java/eclipse/plugins/fr.ac6.mcu.externaltools.arm-none.win32_1.3.0.201507241045/tools/compiler/bin/../lib/gcc/arm-none-eabi/4.9.3/armv7e-m/fpu\libgcc.a(bpabi.o)
                              c:/eclipse/java/eclipse/plugins/fr.ac6.mcu.externaltools.arm-none.win32_1.3.0.201507241045/tools/compiler/bin/../lib/gcc/arm-none-eabi/4.9.3/armv7e-m/fpu\libgcc.a(_aeabi_uldivmod.o) (__gnu_uldivmod_helper)
c:/eclipse/java/eclipse/plugins/fr.ac6.mcu.externaltools.arm-none.win32_1.3.0.201507241045/tools/compiler/bin/../lib/gcc/arm-none-eabi/4.9.3/armv7e-m/fpu\libgcc.a(_dvmd_tls.o)
                              c:/eclipse/java/eclipse/plugins/fr.ac6.mcu.externaltools.arm-none.win32_1.3.0.201507241045/tools/compiler/bin/../lib/gcc/arm-none-eabi/4.9.3/armv7e-m/fpu\libgcc.a(_aeabi_uldivmod.o) (__aeabi_ldiv0)
c:/eclipse/java/eclipse/plugins/fr.ac6.mcu.externaltools.arm-none.win32_1.3.0.201507241045/tools/compiler/bin/../lib/gcc/arm-none-eabi/4.9.3/armv7e-m/fpu\libgcc.a(_divdi3.o)
                              c:/eclipse/java/eclipse/plugins/fr.ac6.mcu.externaltools.arm-none.win32_1.3.0.201507241045/tools/compiler/bin/../lib/gcc/arm-none-eabi/4.9.3/armv7e-m/fpu\libgcc.a(bpabi.o) (__divdi3)
c:/eclipse/java/eclipse/plugins/fr.ac6.mcu.externaltools.arm-none.win32_1.3.0.201507241045/tools/compiler/bin/../lib/gcc/arm-none-eabi/4.9.3/armv7e-m/fpu\libgcc.a(_udivdi3.o)
                              c:/eclipse/java/eclipse/plugins/fr.ac6.mcu.externaltools.arm-none.win32_1.3.0.201507241045/tools/compiler/bin/../lib/gcc/arm-none-eabi/4.9.3/armv7e-m/fpu\libgcc.a(bpabi.o) (__udivdi3)
[...]
Memory Configuration

Name             Origin             Length             Attributes
FLASH            0x08000000         0x00100000         xr
RAM              0x20000000         0x00018000         xrw
*default*        0x00000000         0xffffffff

Linker script and memory map

LOAD c:/eclipse/java/eclipse/plugins/fr.ac6.mcu.externaltools.arm-none.win32_1.3.0.201507241045/tools/compiler/bin/../lib/gcc/arm-none-eabi/4.9.3/armv7e-m/fpu/crti.o
LOAD c:/eclipse/java/eclipse/plugins/fr.ac6.mcu.externaltools.arm-none.win32_1.3.0.201507241045/tools/compiler/bin/../lib/gcc/arm-none-eabi/4.9.3/armv7e-m/fpu/crtbegin.o
LOAD c:/eclipse/java/eclipse/plugins/fr.ac6.mcu.externaltools.arm-none.win32_1.3.0.201507241045/tools/compiler/bin/../lib/gcc/arm-none-eabi/4.9.3/../../../../arm-none-eabi/lib/armv7e-m/fpu/crt0.o
LOAD HAL_Driver/Src/stm32l4xx_hal.o
LOAD HAL_Driver/Src/stm32l4xx_hal_adc.o
LOAD HAL_Driver/Src/stm32l4xx_hal_adc_ex.o
LOAD HAL_Driver/Src/stm32l4xx_hal_can.o
LOAD HAL_Driver/Src/stm32l4xx_hal_comp.o
LOAD HAL_Driver/Src/stm32l4xx_hal_cortex.o
LOAD HAL_Driver/Src/stm32l4xx_hal_crc.o
LOAD HAL_Driver/Src/stm32l4xx_hal_crc_ex.o
LOAD HAL_Driver/Src/stm32l4xx_hal_cryp.o
LOAD HAL_Driver/Src/stm32l4xx_hal_cryp_ex.o
LOAD HAL_Driver/Src/stm32l4xx_hal_dac.o
LOAD HAL_Driver/Src/stm32l4xx_hal_dac_ex.o
LOAD HAL_Driver/Src/stm32l4xx_hal_dfsdm.o
LOAD HAL_Driver/Src/stm32l4xx_hal_dma.o
LOAD HAL_Driver/Src/stm32l4xx_hal_firewall.o
LOAD HAL_Driver/Src/stm32l4xx_hal_flash.o
LOAD HAL_Driver/Src/stm32l4xx_hal_flash_ex.o
LOAD HAL_Driver/Src/stm32l4xx_hal_flash_ramfunc.o
LOAD HAL_Driver/Src/stm32l4xx_hal_gpio.o
LOAD HAL_Driver/Src/stm32l4xx_hal_hcd.o
LOAD HAL_Driver/Src/stm32l4xx_hal_i2c.o
LOAD HAL_Driver/Src/stm32l4xx_hal_i2c_ex.o
LOAD HAL_Driver/Src/stm32l4xx_hal_irda.o
LOAD HAL_Driver/Src/stm32l4xx_hal_iwdg.o
LOAD HAL_Driver/Src/stm32l4xx_hal_lcd.o
LOAD HAL_Driver/Src/stm32l4xx_hal_lptim.o
LOAD HAL_Driver/Src/stm32l4xx_hal_msp_template.o
LOAD HAL_Driver/Src/stm32l4xx_hal_nand.o
LOAD HAL_Driver/Src/stm32l4xx_hal_nor.o
LOAD HAL_Driver/Src/stm32l4xx_hal_opamp.o
LOAD HAL_Driver/Src/stm32l4xx_hal_opamp_ex.o
LOAD HAL_Driver/Src/stm32l4xx_hal_pcd.o
LOAD HAL_Driver/Src/stm32l4xx_hal_pcd_ex.o
LOAD HAL_Driver/Src/stm32l4xx_hal_pwr.o
LOAD HAL_Driver/Src/stm32l4xx_hal_pwr_ex.o
LOAD HAL_Driver/Src/stm32l4xx_hal_qspi.o
LOAD HAL_Driver/Src/stm32l4xx_hal_rcc.o
LOAD HAL_Driver/Src/stm32l4xx_hal_rcc_ex.o
LOAD HAL_Driver/Src/stm32l4xx_hal_rng.o
LOAD HAL_Driver/Src/stm32l4xx_hal_rtc.o
LOAD HAL_Driver/Src/stm32l4xx_hal_rtc_ex.o
LOAD HAL_Driver/Src/stm32l4xx_hal_sai.o
LOAD HAL_Driver/Src/stm32l4xx_hal_sd.o
LOAD HAL_Driver/Src/stm32l4xx_hal_smartcard.o
LOAD HAL_Driver/Src/stm32l4xx_hal_smartcard_ex.o
LOAD HAL_Driver/Src/stm32l4xx_hal_smbus.o
LOAD HAL_Driver/Src/stm32l4xx_hal_spi.o
LOAD HAL_Driver/Src/stm32l4xx_hal_spi_ex.o
LOAD HAL_Driver/Src/stm32l4xx_hal_sram.o
LOAD HAL_Driver/Src/stm32l4xx_hal_swpmi.o
LOAD HAL_Driver/Src/stm32l4xx_hal_tim.o
LOAD HAL_Driver/Src/stm32l4xx_hal_tim_ex.o
LOAD HAL_Driver/Src/stm32l4xx_hal_tsc.o
LOAD HAL_Driver/Src/stm32l4xx_hal_uart.o
LOAD HAL_Driver/Src/stm32l4xx_hal_uart_ex.o
LOAD HAL_Driver/Src/stm32l4xx_hal_usart.o
LOAD HAL_Driver/Src/stm32l4xx_hal_wwdg.o
LOAD HAL_Driver/Src/stm32l4xx_ll_fmc.o
LOAD HAL_Driver/Src/stm32l4xx_ll_sdmmc.o
LOAD HAL_Driver/Src/stm32l4xx_ll_usb.o
LOAD Utilities/Components/cs43l22/cs43l22.o
LOAD Utilities/Components/hx8347g/hx8347g.o
LOAD Utilities/Components/l3gd20/l3gd20.o
LOAD Utilities/Components/lsm303c/lsm303c.o
LOAD Utilities/Components/lsm303dlhc/lsm303dlhc.o
LOAD Utilities/Components/mfxstm32l152/mfxstm32l152.o
LOAD Utilities/Components/st7735/st7735.o
LOAD Utilities/Components/stmpe1600/stmpe1600.o
LOAD Utilities/Components/stmpe811/stmpe811.o
LOAD Utilities/Components/wm8994/wm8994.o
LOAD Utilities/STM32L476G-Discovery/stm32l476g_discovery.o
LOAD Utilities/STM32L476G-Discovery/stm32l476g_discovery_gyroscope.o
LOAD src/CCaculator.o
LOAD src/CComm.o
LOAD src/CDriver.o
LOAD src/CMainMenu.o
LOAD src/CTimers.o
LOAD src/gpio.o
LOAD src/main.o
LOAD src/spi.o
LOAD src/stm32l4xx_hal_msp.o
LOAD src/stm32l4xx_it.o
LOAD src/syscalls.o
LOAD src/system_stm32l4xx.o
LOAD src/usart.o
LOAD startup/startup_stm32l476xx.o
LOAD c:/eclipse/java/eclipse/plugins/fr.ac6.mcu.externaltools.arm-none.win32_1.3.0.201507241045/tools/compiler/bin/../lib/gcc/arm-none-eabi/4.9.3/../../../../arm-none-eabi/lib/armv7e-m/fpu\libstdc++.a
LOAD c:/eclipse/java/eclipse/plugins/fr.ac6.mcu.externaltools.arm-none.win32_1.3.0.201507241045/tools/compiler/bin/../lib/gcc/arm-none-eabi/4.9.3/../../../../arm-none-eabi/lib/armv7e-m/fpu\libm.a
START GROUP
LOAD c:/eclipse/java/eclipse/plugins/fr.ac6.mcu.externaltools.arm-none.win32_1.3.0.201507241045/tools/compiler/bin/../lib/gcc/arm-none-eabi/4.9.3/armv7e-m/fpu\libgcc.a
LOAD c:/eclipse/java/eclipse/plugins/fr.ac6.mcu.externaltools.arm-none.win32_1.3.0.201507241045/tools/compiler/bin/../lib/gcc/arm-none-eabi/4.9.3/../../../../arm-none-eabi/lib/armv7e-m/fpu\libc.a
END GROUP
LOAD c:/eclipse/java/eclipse/plugins/fr.ac6.mcu.externaltools.arm-none.win32_1.3.0.201507241045/tools/compiler/bin/../lib/gcc/arm-none-eabi/4.9.3/armv7e-m/fpu/crtend.o
LOAD c:/eclipse/java/eclipse/plugins/fr.ac6.mcu.externaltools.arm-none.win32_1.3.0.201507241045/tools/compiler/bin/../lib/gcc/arm-none-eabi/4.9.3/armv7e-m/fpu/crtn.o
                0x20018000                _estack = 0x20018000
                0x00000200                _Min_Heap_Size = 0x200
                0x00000400                _Min_Stack_Size = 0x400

.isr_vector     0x08000000      0x188
                0x08000000                . = ALIGN (0x8)
 *(.isr_vector)
 .isr_vector    0x08000000      0x188 startup/startup_stm32l476xx.o
                0x08000000                g_pfnVectors
                0x08000188                . = ALIGN (0x8)

.text           0x08000188     0x8370
                0x08000188                . = ALIGN (0x8)
 *(.text)
 .text          0x08000188       0x5c c:/eclipse/java/eclipse/plugins/fr.ac6.mcu.externaltools.arm-none.win32_1.3.0.201507241045/tools/compiler/bin/../lib/gcc/arm-none-eabi/4.9.3/armv7e-m/fpu/crtbegin.o
 .text          0x080001e4      0x370 c:/eclipse/java/eclipse/plugins/fr.ac6.mcu.externaltools.arm-none.win32_1.3.0.201507241045/tools/compiler/bin/../lib/gcc/arm-none-eabi/4.9.3/armv7e-m/fpu\libgcc.a(_arm_addsubdf3.o)
                0x080001e4                __aeabi_drsub
                0x080001ec                __aeabi_dsub
                0x080001ec                __subdf3
                0x080001f0                __aeabi_dadd
                0x080001f0                __adddf3
                0x08000468                __floatunsidf
                0x08000468                __aeabi_ui2d
                0x08000488                __floatsidf
                0x08000488                __aeabi_i2d
                0x080004ac                __aeabi_f2d
                0x080004ac                __extendsfdf2
                0x080004e8                __floatundidf
                0x080004e8                __aeabi_ul2d
                0x080004f8                __floatdidf
                0x080004f8                __aeabi_l2d
 .text          0x08000554      0x424 c:/eclipse/java/eclipse/plugins/fr.ac6.mcu.externaltools.arm-none.win32_1.3.0.201507241045/tools/compiler/bin/../lib/gcc/arm-none-eabi/4.9.3/armv7e-m/fpu\libgcc.a(_arm_muldivdf3.o)
                0x08000554                __aeabi_dmul
                0x08000554                __muldf3
                0x080007a8                __divdf3
                0x080007a8                __aeabi_ddiv
 .text          0x08000978      0x110 c:/eclipse/java/eclipse/plugins/fr.ac6.mcu.externaltools.arm-none.win32_1.3.0.201507241045/tools/compiler/bin/../lib/gcc/arm-none-eabi/4.9.3/armv7e-m/fpu\libgcc.a(_arm_cmpdf2.o)
                0x08000978                __gtdf2
                0x08000978                __gedf2
                0x08000980                __ltdf2
                0x08000980                __ledf2
                0x08000988                __nedf2
                0x08000988                __eqdf2
                0x08000988                __cmpdf2
                0x08000a04                __aeabi_cdrcmple
                0x08000a14                __aeabi_cdcmpeq
                0x08000a14                __aeabi_cdcmple
                0x08000a24                __aeabi_dcmpeq
                0x08000a38                __aeabi_dcmplt
                0x08000a4c                __aeabi_dcmple
                0x08000a60                __aeabi_dcmpge
                0x08000a74                __aeabi_dcmpgt
 .text          0x08000a88       0xa0 c:/eclipse/java/eclipse/plugins/fr.ac6.mcu.externaltools.arm-none.win32_1.3.0.201507241045/tools/compiler/bin/../lib/gcc/arm-none-eabi/4.9.3/armv7e-m/fpu\libgcc.a(_arm_truncdfsf2.o)
                0x08000a88                __truncdfsf2
                0x08000a88                __aeabi_d2f
 .text          0x08000b28       0x30 c:/eclipse/java/eclipse/plugins/fr.ac6.mcu.externaltools.arm-none.win32_1.3.0.201507241045/tools/compiler/bin/../lib/gcc/arm-none-eabi/4.9.3/armv7e-m/fpu\libgcc.a(_aeabi_uldivmod.o)
                0x08000b28                __aeabi_uldivmod
 .text          0x08000b58       0x60 c:/eclipse/java/eclipse/plugins/fr.ac6.mcu.externaltools.arm-none.win32_1.3.0.201507241045/tools/compiler/bin/../lib/gcc/arm-none-eabi/4.9.3/armv7e-m/fpu\libgcc.a(bpabi.o)
                0x08000b58                __gnu_ldivmod_helper
                0x08000b88                __gnu_uldivmod_helper
 .text          0x08000bb8        0x4 c:/eclipse/java/eclipse/plugins/fr.ac6.mcu.externaltools.arm-none.win32_1.3.0.201507241045/tools/compiler/bin/../lib/gcc/arm-none-eabi/4.9.3/armv7e-m/fpu\libgcc.a(_dvmd_tls.o)
                0x08000bb8                __aeabi_idiv0
                0x08000bb8                __aeabi_ldiv0
 .text          0x08000bbc      0x29c c:/eclipse/java/eclipse/plugins/fr.ac6.mcu.externaltools.arm-none.win32_1.3.0.201507241045/tools/compiler/bin/../lib/gcc/arm-none-eabi/4.9.3/armv7e-m/fpu\libgcc.a(_divdi3.o)
                0x08000bbc                __divdi3
 .text          0x08000e58      0x26c c:/eclipse/java/eclipse/plugins/fr.ac6.mcu.externaltools.arm-none.win32_1.3.0.201507241045/tools/compiler/bin/../lib/gcc/arm-none-eabi/4.9.3/armv7e-m/fpu\libgcc.a(_udivdi3.o)
                0x08000e58                __udivdi3
 .text          0x080010c4      0x134 c:/eclipse/java/eclipse/plugins/fr.ac6.mcu.externaltools.arm-none.win32_1.3.0.201507241045/tools/compiler/bin/../lib/gcc/arm-none-eabi/4.9.3/../../../../arm-none-eabi/lib/armv7e-m/fpu\libc.a(lib_a-memcpy.o)
                0x080010c4                memcpy
 .text          0x080011f8       0x50 c:/eclipse/java/eclipse/plugins/fr.ac6.mcu.externaltools.arm-none.win32_1.3.0.201507241045/tools/compiler/bin/../lib/gcc/arm-none-eabi/4.9.3/armv7e-m/fpu\libgcc.a(_arm_fixdfsi.o)
                0x080011f8                __aeabi_d2iz
                0x080011f8                __fixdfsi
 *(.text*)
 .text.HAL_InitTick
                0x08001248       0x28 HAL_Driver/Src/stm32l4xx_hal.o
                0x08001248                HAL_InitTick
 .text.HAL_Init
                0x08001270       0x18 HAL_Driver/Src/stm32l4xx_hal.o
                0x08001270                HAL_Init
 .text.HAL_IncTick
                0x08001288       0x10 HAL_Driver/Src/stm32l4xx_hal.o
                0x08001288                HAL_IncTick
 .text.HAL_GetTick
                0x08001298        0xc HAL_Driver/Src/stm32l4xx_hal.o
                0x08001298                HAL_GetTick
 .text.HAL_NVIC_SetPriorityGrouping
                0x080012a4       0x24 HAL_Driver/Src/stm32l4xx_hal_cortex.o
                0x080012a4                HAL_NVIC_SetPriorityGrouping
 .text.HAL_NVIC_SetPriority
                0x080012c8       0x6c HAL_Driver/Src/stm32l4xx_hal_cortex.o
                0x080012c8                HAL_NVIC_SetPriority
 .text.HAL_SYSTICK_Config
                0x08001334       0x34 HAL_Driver/Src/stm32l4xx_hal_cortex.o
                0x08001334                HAL_SYSTICK_Config
 .text.HAL_SYSTICK_CLKSourceConfig
                0x08001368       0x18 HAL_Driver/Src/stm32l4xx_hal_cortex.o
                0x08001368                HAL_SYSTICK_CLKSourceConfig
 .text.HAL_SYSTICK_Callback
                0x08001380        0x4 HAL_Driver/Src/stm32l4xx_hal_cortex.o
                0x08001380                HAL_SYSTICK_Callback
 .text.HAL_SYSTICK_IRQHandler
                0x08001384        0x8 HAL_Driver/Src/stm32l4xx_hal_cortex.o
                0x08001384                HAL_SYSTICK_IRQHandler
 .text.HAL_GPIO_Init
                0x0800138c      0x240 HAL_Driver/Src/stm32l4xx_hal_gpio.o
                0x0800138c                HAL_GPIO_Init
 .text.HAL_GPIO_WritePin
                0x080015cc        0xc HAL_Driver/Src/stm32l4xx_hal_gpio.o
                0x080015cc                HAL_GPIO_WritePin
 .text.HAL_MspInit
                0x080015d8       0x34 HAL_Driver/Src/stm32l4xx_hal_msp_template.o
                0x080015d8                HAL_MspInit
 .text.HAL_PWREx_GetVoltageRange
                0x0800160c       0x10 HAL_Driver/Src/stm32l4xx_hal_pwr_ex.o
                0x0800160c                HAL_PWREx_GetVoltageRange
 .text.HAL_PWREx_ControlVoltageScaling
                0x0800161c       0x80 HAL_Driver/Src/stm32l4xx_hal_pwr_ex.o
                0x0800161c                HAL_PWREx_ControlVoltageScaling
 .text.HAL_RCC_OscConfig
                0x0800169c      0x8a4 HAL_Driver/Src/stm32l4xx_hal_rcc.o
                0x0800169c                HAL_RCC_OscConfig
 .text.HAL_RCC_ClockConfig
                0x08001f40      0x258 HAL_Driver/Src/stm32l4xx_hal_rcc.o
                0x08001f40                HAL_RCC_ClockConfig
 .text.HAL_RCC_GetSysClockFreq
                0x08002198       0xf8 HAL_Driver/Src/stm32l4xx_hal_rcc.o
                0x08002198                HAL_RCC_GetSysClockFreq
 .text.HAL_RCC_GetHCLKFreq
                0x08002290      0x124 HAL_Driver/Src/stm32l4xx_hal_rcc.o
                0x08002290                HAL_RCC_GetHCLKFreq
 .text.HAL_RCC_GetPCLK1Freq
                0x080023b4      0x140 HAL_Driver/Src/stm32l4xx_hal_rcc.o
                0x080023b4                HAL_RCC_GetPCLK1Freq
 .text.HAL_RCC_GetPCLK2Freq
                0x080024f4      0x140 HAL_Driver/Src/stm32l4xx_hal_rcc.o
                0x080024f4                HAL_RCC_GetPCLK2Freq
 .text.RCCEx_PLLSAI1_ConfigNP
                0x08002634       0xb4 HAL_Driver/Src/stm32l4xx_hal_rcc_ex.o
 .text.RCCEx_PLLSAI2_ConfigNP
                0x080026e8       0xb4 HAL_Driver/Src/stm32l4xx_hal_rcc_ex.o
 .text.RCCEx_PLLSAI1_ConfigNQ
                0x0800279c       0xb4 HAL_Driver/Src/stm32l4xx_hal_rcc_ex.o
 .text.HAL_RCCEx_PeriphCLKConfig
                0x08002850      0x58c HAL_Driver/Src/stm32l4xx_hal_rcc_ex.o
                0x08002850                HAL_RCCEx_PeriphCLKConfig
 .text.HAL_SPI_Init
                0x08002ddc      0x12c HAL_Driver/Src/stm32l4xx_hal_spi.o
                0x08002ddc                HAL_SPI_Init
 .text.HAL_SPI_GetState
                0x08002f08        0x8 HAL_Driver/Src/stm32l4xx_hal_spi.o
                0x08002f08                HAL_SPI_GetState
 .text.HAL_UART_Transmit
                0x08002f10      0x148 HAL_Driver/Src/stm32l4xx_hal_uart.o
                0x08002f10                HAL_UART_Transmit
 .text.UART_AdvFeatureConfig
                0x08003058       0xb0 HAL_Driver/Src/stm32l4xx_hal_uart.o
                0x08003058                UART_AdvFeatureConfig
 .text.HAL_UART_Init
                0x08003108      0x424 HAL_Driver/Src/stm32l4xx_hal_uart.o
                0x08003108                HAL_UART_Init
 .text.LSM303C_AccDeInit
                0x0800352c        0x4 Utilities/Components/lsm303c/lsm303c.o
                0x0800352c                LSM303C_AccDeInit
 .text.LSM303C_MagDeInit
                0x08003530        0x4 Utilities/Components/lsm303c/lsm303c.o
                0x08003530                LSM303C_MagDeInit
 .text.LSM303C_AccInit
                0x08003534       0x1c Utilities/Components/lsm303c/lsm303c.o
                0x08003534                LSM303C_AccInit
 .text.LSM303C_AccFilterConfig
                0x08003550        0x8 Utilities/Components/lsm303c/lsm303c.o
                0x08003550                LSM303C_AccFilterConfig
 .text.LSM303C_AccReadID
                0x08003558       0x18 Utilities/Components/lsm303c/lsm303c.o
                0x08003558                LSM303C_AccReadID
 .text.LSM303C_AccLowPower
                0x08003570       0x18 Utilities/Components/lsm303c/lsm303c.o
                0x08003570                LSM303C_AccLowPower
 .text.LSM303C_AccReadXYZ
                0x08003588       0xb0 Utilities/Components/lsm303c/lsm303c.o
                0x08003588                LSM303C_AccReadXYZ
 .text.LSM303C_MagInit
                0x08003638       0x44 Utilities/Components/lsm303c/lsm303c.o
                0x08003638                LSM303C_MagInit
 .text.LSM303C_MagReadID
                0x0800367c       0x18 Utilities/Components/lsm303c/lsm303c.o
                0x0800367c                LSM303C_MagReadID
 .text.LSM303C_MagLowPower
                0x08003694       0x1c Utilities/Components/lsm303c/lsm303c.o
                0x08003694                LSM303C_MagLowPower
 .text.LSM303C_MagReadXYZ
                0x080036b0       0x98 Utilities/Components/lsm303c/lsm303c.o
                0x080036b0                LSM303C_MagReadXYZ
 .text.ACCELERO_IO_Init
                0x08003748       0xe4 Utilities/STM32L476G-Discovery/stm32l476g_discovery.o
                0x08003748                ACCELERO_IO_Init
 .text.ACCELERO_IO_Write
                0x0800382c       0x78 Utilities/STM32L476G-Discovery/stm32l476g_discovery.o
                0x0800382c                ACCELERO_IO_Write
 .text.ACCELERO_IO_Read
                0x080038a4       0xac Utilities/STM32L476G-Discovery/stm32l476g_discovery.o
                0x080038a4                ACCELERO_IO_Read
 .text.MAGNETO_IO_Init
                0x08003950       0xe4 Utilities/STM32L476G-Discovery/stm32l476g_discovery.o
                0x08003950                MAGNETO_IO_Init
 .text.MAGNETO_IO_Write
                0x08003a34       0x78 Utilities/STM32L476G-Discovery/stm32l476g_discovery.o
                0x08003a34                MAGNETO_IO_Write
 .text.MAGNETO_IO_Read
                0x08003aac       0xac Utilities/STM32L476G-Discovery/stm32l476g_discovery.o
                0x08003aac                MAGNETO_IO_Read
 .text._ZN10CCaculator9calculateEv
                0x08003b58      0x164 src/CCaculator.o
                0x08003b58                CCaculator::calculate()
 .text._ZN10CCaculator6updateEv
                0x08003cbc       0x10 src/CCaculator.o
                0x08003cbc                CCaculator::update()
 .text._ZN5CComm4initEv
                0x08003ccc       0x28 src/CComm.o
                0x08003ccc                CComm::init()
 .text._ZN5CComm6updateEv
                0x08003cf4       0x84 src/CComm.o
                0x08003cf4                CComm::update()
 .text.startup._GLOBAL__sub_I__ZN5CComm18communicationTimerE
                0x08003d78       0x1c src/CComm.o
 .text._ZN7CDriver4initEv
                0x08003d94       0x7c src/CDriver.o
                0x08003d94                CDriver::init()
 .text._ZN7CDriver6updateEv
                0x08003e10       0x30 src/CDriver.o
                0x08003e10                CDriver::update()
 .text._ZN7CDriver7getAccXEv
                0x08003e40       0x10 src/CDriver.o
                0x08003e40                CDriver::getAccX()
 .text._ZN7CDriver7getAccYEv
                0x08003e50       0x10 src/CDriver.o
                0x08003e50                CDriver::getAccY()
 .text._ZN7CDriver7getAccZEv
                0x08003e60       0x10 src/CDriver.o
                0x08003e60                CDriver::getAccZ()
 .text._ZN9CMainMenu4initEv
                0x08003e70       0x20 src/CMainMenu.o
                0x08003e70                CMainMenu::init()
 .text._ZN9CMainMenu3runEv
                0x08003e90       0x30 src/CMainMenu.o
                0x08003e90                CMainMenu::run()
 .text.startup._GLOBAL__sub_I__ZN9CMainMenu11updateTimerE
                0x08003ec0        0xc src/CMainMenu.o
 .text._ZN7CTimers9timerTickEv
                0x08003ecc       0x14 src/CTimers.o
                0x08003ecc                CTimers::timerTick()
 .text._ZN7CTimersC2Ev
                0x08003ee0       0x14 src/CTimers.o
                0x08003ee0                CTimers::CTimers()
                0x08003ee0                CTimers::CTimers()
 .text._ZN7CTimers11reconfigureEtNS_5CTimeEb
                0x08003ef4       0x24 src/CTimers.o
                0x08003ef4                CTimers::reconfigure(unsigned short, CTimers::CTime, bool)
 .text._ZN7CTimers6updateEv
                0x08003f18       0x3c src/CTimers.o
                0x08003f18                CTimers::update()
 .text._ZN7CTimers6timeUpEb
                0x08003f54       0x2c src/CTimers.o
                0x08003f54                CTimers::timeUp(bool)
 .text.MX_GPIO_Init
                0x08003f80       0xf4 src/gpio.o
                0x08003f80                MX_GPIO_Init
 .text._Z18SystemClock_Configv
                0x08004074       0x9c src/main.o
                0x08004074                SystemClock_Config()
 .text.startup.main
                0x08004110       0x24 src/main.o
                0x08004110                main
 .text.MX_SPI2_Init
                0x08004134       0x4c src/spi.o
                0x08004134                MX_SPI2_Init
 .text.HAL_SPI_MspInit
                0x08004180       0x4c src/spi.o
                0x08004180                HAL_SPI_MspInit
 .text.SysTick_Handler
                0x080041cc       0x18 src/stm32l4xx_it.o
                0x080041cc                SysTick_Handler
 .text.getTick  0x080041e4        0xc src/stm32l4xx_it.o
                0x080041e4                getTick
 .text._sbrk    0x080041f0       0x34 src/syscalls.o
                0x080041f0                _sbrk
 .text.SystemInit
                0x08004224       0x50 src/system_stm32l4xx.o
                0x08004224                SystemInit
 .text.send     0x08004274       0x20 src/usart.o
                0x08004274                send
 .text.MX_USART2_UART_Init
                0x08004294       0x34 src/usart.o
                0x08004294                MX_USART2_UART_Init
 .text.HAL_UART_MspInit
                0x080042c8       0x4c src/usart.o
                0x080042c8                HAL_UART_MspInit
 .text.Reset_Handler
                0x08004314       0x50 startup/startup_stm32l476xx.o
                0x08004314                Reset_Handler
 .text.Default_Handler
                0x08004364        0x2 startup/startup_stm32l476xx.o
                0x08004364                RTC_Alarm_IRQHandler
                0x08004364                EXTI2_IRQHandler
                0x08004364                TIM8_TRG_COM_IRQHandler
                0x08004364                TIM8_CC_IRQHandler
                0x08004364                DebugMon_Handler
                0x08004364                DFSDM0_IRQHandler
                0x08004364                TIM1_CC_IRQHandler
                0x08004364                TSC_IRQHandler
                0x08004364                HardFault_Handler
                0x08004364                TAMP_STAMP_IRQHandler
                0x08004364                PendSV_Handler
                0x08004364                NMI_Handler
                0x08004364                EXTI3_IRQHandler
                0x08004364                LPTIM2_IRQHandler
                0x08004364                I2C3_ER_IRQHandler
                0x08004364                EXTI0_IRQHandler
                0x08004364                I2C2_EV_IRQHandler
                0x08004364                CAN1_RX0_IRQHandler
                0x08004364                FPU_IRQHandler
                0x08004364                TIM1_UP_TIM16_IRQHandler
                0x08004364                UsageFault_Handler
                0x08004364                ADC1_2_IRQHandler
                0x08004364                SPI1_IRQHandler
                0x08004364                TIM6_DAC_IRQHandler
                0x08004364                TIM8_UP_IRQHandler
                0x08004364                DMA2_Channel2_IRQHandler
                0x08004364                DMA1_Channel4_IRQHandler
                0x08004364                SAI2_IRQHandler
                0x08004364                USART3_IRQHandler
                0x08004364                DMA1_Channel7_IRQHandler
                0x08004364                CAN1_RX1_IRQHandler
                0x08004364                LCD_IRQHandler
                0x08004364                UART5_IRQHandler
                0x08004364                ADC3_IRQHandler
                0x08004364                TIM4_IRQHandler
                0x08004364                DMA2_Channel1_IRQHandler
                0x08004364                QUADSPI_IRQHandler
                0x08004364                I2C1_EV_IRQHandler
                0x08004364                DMA1_Channel6_IRQHandler
                0x08004364                UART4_IRQHandler
                0x08004364                DMA2_Channel4_IRQHandler
                0x08004364                TIM3_IRQHandler
                0x08004364                RCC_IRQHandler
                0x08004364                DMA1_Channel1_IRQHandler
                0x08004364                Default_Handler
                0x08004364                DMA2_Channel7_IRQHandler
                0x08004364                EXTI15_10_IRQHandler
                0x08004364                TIM7_IRQHandler
                0x08004364                SDMMC1_IRQHandler
                0x08004364                TIM5_IRQHandler
                0x08004364                I2C3_EV_IRQHandler
                0x08004364                DFSDM2_IRQHandler
                0x08004364                EXTI9_5_IRQHandler
                0x08004364                RTC_WKUP_IRQHandler
                0x08004364                PVD_PVM_IRQHandler
                0x08004364                SPI2_IRQHandler
                0x08004364                DFSDM3_IRQHandler
                0x08004364                MemManage_Handler
                0x08004364                CAN1_TX_IRQHandler
                0x08004364                SVC_Handler
                0x08004364                DMA2_Channel5_IRQHandler
                0x08004364                DMA1_Channel5_IRQHandler
                0x08004364                EXTI4_IRQHandler
                0x08004364                RNG_IRQHandler
                0x08004364                TIM1_TRG_COM_TIM17_IRQHandler
                0x08004364                DMA1_Channel3_IRQHandler
                0x08004364                COMP_IRQHandler
                0x08004364                WWDG_IRQHandler
                0x08004364                LPUART1_IRQHandler
                0x08004364                DMA2_Channel6_IRQHandler
                0x08004364                TIM2_IRQHandler
                0x08004364                EXTI1_IRQHandler
                0x08004364                USART2_IRQHandler
                0x08004364                I2C2_ER_IRQHandler
                0x08004364                DMA1_Channel2_IRQHandler
                0x08004364                TIM8_BRK_IRQHandler
                0x08004364                CAN1_SCE_IRQHandler
                0x08004364                FLASH_IRQHandler
                0x08004364                BusFault_Handler
                0x08004364                USART1_IRQHandler
                0x08004364                OTG_FS_IRQHandler
                0x08004364                SPI3_IRQHandler
                0x08004364                I2C1_ER_IRQHandler
                0x08004364                FMC_IRQHandler
                0x08004364                SWPMI1_IRQHandler
                0x08004364                LPTIM1_IRQHandler
                0x08004364                DFSDM1_IRQHandler
                0x08004364                SAI1_IRQHandler
                0x08004364                DMA2_Channel3_IRQHandler
                0x08004364                TIM1_BRK_TIM15_IRQHandler
 *fill*         0x08004366        0x2 
 .text.atan2    0x08004368        0x4 c:/eclipse/java/eclipse/plugins/fr.ac6.mcu.externaltools.arm-none.win32_1.3.0.201507241045/tools/compiler/bin/../lib/gcc/arm-none-eabi/4.9.3/../../../../arm-none-eabi/lib/armv7e-m/fpu\libm.a(lib_a-w_atan2.o)
                0x08004368                atan2
 *fill*         0x0800436c        0x4 
 .text.__ieee754_atan2
                0x08004370      0x228 c:/eclipse/java/eclipse/plugins/fr.ac6.mcu.externaltools.arm-none.win32_1.3.0.201507241045/tools/compiler/bin/../lib/gcc/arm-none-eabi/4.9.3/../../../../arm-none-eabi/lib/armv7e-m/fpu\libm.a(lib_a-e_atan2.o)
                0x08004370                __ieee754_atan2
 .text.atan     0x08004598      0x368 c:/eclipse/java/eclipse/plugins/fr.ac6.mcu.externaltools.arm-none.win32_1.3.0.201507241045/tools/compiler/bin/../lib/gcc/arm-none-eabi/4.9.3/../../../../arm-none-eabi/lib/armv7e-m/fpu\libm.a(lib_a-s_atan.o)
                0x08004598                atan
 .text.fabs     0x08004900       0x10 c:/eclipse/java/eclipse/plugins/fr.ac6.mcu.externaltools.arm-none.win32_1.3.0.201507241045/tools/compiler/bin/../lib/gcc/arm-none-eabi/4.9.3/../../../../arm-none-eabi/lib/armv7e-m/fpu\libm.a(lib_a-s_fabs.o)
                0x08004900                fabs
 .text.__errno  0x08004910        0xc c:/eclipse/java/eclipse/plugins/fr.ac6.mcu.externaltools.arm-none.win32_1.3.0.201507241045/tools/compiler/bin/../lib/gcc/arm-none-eabi/4.9.3/../../../../arm-none-eabi/lib/armv7e-m/fpu\libc.a(lib_a-errno.o)
                0x08004910                __errno
 .text.__libc_init_array
                0x0800491c       0x50 c:/eclipse/java/eclipse/plugins/fr.ac6.mcu.externaltools.arm-none.win32_1.3.0.201507241045/tools/compiler/bin/../lib/gcc/arm-none-eabi/4.9.3/../../../../arm-none-eabi/lib/armv7e-m/fpu\libc.a(lib_a-init.o)
                0x0800491c                __libc_init_array
 .text.memset   0x0800496c       0x9c c:/eclipse/java/eclipse/plugins/fr.ac6.mcu.externaltools.arm-none.win32_1.3.0.201507241045/tools/compiler/bin/../lib/gcc/arm-none-eabi/4.9.3/../../../../arm-none-eabi/lib/armv7e-m/fpu\libc.a(lib_a-memset.o)
                0x0800496c                memset
 .text.sprintf  0x08004a08       0x4c c:/eclipse/java/eclipse/plugins/fr.ac6.mcu.externaltools.arm-none.win32_1.3.0.201507241045/tools/compiler/bin/../lib/gcc/arm-none-eabi/4.9.3/../../../../arm-none-eabi/lib/armv7e-m/fpu\libc.a(lib_a-sprintf.o)
                0x08004a08                sprintf
 .text.strlen   0x08004a54       0x5c c:/eclipse/java/eclipse/plugins/fr.ac6.mcu.externaltools.arm-none.win32_1.3.0.201507241045/tools/compiler/bin/../lib/gcc/arm-none-eabi/4.9.3/../../../../arm-none-eabi/lib/armv7e-m/fpu\libc.a(lib_a-strlen.o)
                0x08004a54                strlen
 .text._svfprintf_r
                0x08004ab0     0x14d0 c:/eclipse/java/eclipse/plugins/fr.ac6.mcu.externaltools.arm-none.win32_1.3.0.201507241045/tools/compiler/bin/../lib/gcc/arm-none-eabi/4.9.3/../../../../arm-none-eabi/lib/armv7e-m/fpu\libc.a(lib_a-svfprintf.o)
                0x08004ab0                _svfprintf_r
 .text.startup.register_fini
                0x08005f80       0x14 c:/eclipse/java/eclipse/plugins/fr.ac6.mcu.externaltools.arm-none.win32_1.3.0.201507241045/tools/compiler/bin/../lib/gcc/arm-none-eabi/4.9.3/../../../../arm-none-eabi/lib/armv7e-m/fpu\libc.a(lib_a-__call_atexit.o)
 .text.atexit   0x08005f94        0xc c:/eclipse/java/eclipse/plugins/fr.ac6.mcu.externaltools.arm-none.win32_1.3.0.201507241045/tools/compiler/bin/../lib/gcc/arm-none-eabi/4.9.3/../../../../arm-none-eabi/lib/armv7e-m/fpu\libc.a(lib_a-atexit.o)
                0x08005f94                atexit
 .text.quorem   0x08005fa0      0x12c c:/eclipse/java/eclipse/plugins/fr.ac6.mcu.externaltools.arm-none.win32_1.3.0.201507241045/tools/compiler/bin/../lib/gcc/arm-none-eabi/4.9.3/../../../../arm-none-eabi/lib/armv7e-m/fpu\libc.a(lib_a-dtoa.o)
 *fill*         0x080060cc        0x4 
 .text._dtoa_r  0x080060d0      0xea8 c:/eclipse/java/eclipse/plugins/fr.ac6.mcu.externaltools.arm-none.win32_1.3.0.201507241045/tools/compiler/bin/../lib/gcc/arm-none-eabi/4.9.3/../../../../arm-none-eabi/lib/armv7e-m/fpu\libc.a(lib_a-dtoa.o)
                0x080060d0                _dtoa_r
 .text.__libc_fini_array
                0x08006f78       0x2c c:/eclipse/java/eclipse/plugins/fr.ac6.mcu.externaltools.arm-none.win32_1.3.0.201507241045/tools/compiler/bin/../lib/gcc/arm-none-eabi/4.9.3/../../../../arm-none-eabi/lib/armv7e-m/fpu\libc.a(lib_a-fini.o)
                0x08006f78                __libc_fini_array
 .text._localeconv_r
                0x08006fa4        0x8 c:/eclipse/java/eclipse/plugins/fr.ac6.mcu.externaltools.arm-none.win32_1.3.0.201507241045/tools/compiler/bin/../lib/gcc/arm-none-eabi/4.9.3/../../../../arm-none-eabi/lib/armv7e-m/fpu\libc.a(lib_a-locale.o)
                0x08006fa4                _localeconv_r
 .text._malloc_r
                0x08006fac      0x524 c:/eclipse/java/eclipse/plugins/fr.ac6.mcu.externaltools.arm-none.win32_1.3.0.201507241045/tools/compiler/bin/../lib/gcc/arm-none-eabi/4.9.3/../../../../arm-none-eabi/lib/armv7e-m/fpu\libc.a(lib_a-mallocr.o)
                0x08006fac                _malloc_r
 .text.memchr   0x080074d0       0x94 c:/eclipse/java/eclipse/plugins/fr.ac6.mcu.externaltools.arm-none.win32_1.3.0.201507241045/tools/compiler/bin/../lib/gcc/arm-none-eabi/4.9.3/../../../../arm-none-eabi/lib/armv7e-m/fpu\libc.a(lib_a-memchr.o)
                0x080074d0                memchr
 .text.__malloc_lock
                0x08007564        0x4 c:/eclipse/java/eclipse/plugins/fr.ac6.mcu.externaltools.arm-none.win32_1.3.0.201507241045/tools/compiler/bin/../lib/gcc/arm-none-eabi/4.9.3/../../../../arm-none-eabi/lib/armv7e-m/fpu\libc.a(lib_a-mlock.o)
                0x08007564                __malloc_lock
 .text.__malloc_unlock
                0x08007568        0x4 c:/eclipse/java/eclipse/plugins/fr.ac6.mcu.externaltools.arm-none.win32_1.3.0.201507241045/tools/compiler/bin/../lib/gcc/arm-none-eabi/4.9.3/../../../../arm-none-eabi/lib/armv7e-m/fpu\libc.a(lib_a-mlock.o)
                0x08007568                __malloc_unlock
 .text._Balloc  0x0800756c       0x4c c:/eclipse/java/eclipse/plugins/fr.ac6.mcu.externaltools.arm-none.win32_1.3.0.201507241045/tools/compiler/bin/../lib/gcc/arm-none-eabi/4.9.3/../../../../arm-none-eabi/lib/armv7e-m/fpu\libc.a(lib_a-mprec.o)
                0x0800756c                _Balloc
 .text._Bfree   0x080075b8       0x14 c:/eclipse/java/eclipse/plugins/fr.ac6.mcu.externaltools.arm-none.win32_1.3.0.201507241045/tools/compiler/bin/../lib/gcc/arm-none-eabi/4.9.3/../../../../arm-none-eabi/lib/armv7e-m/fpu\libc.a(lib_a-mprec.o)
                0x080075b8                _Bfree
 .text.__multadd
                0x080075cc       0x84 c:/eclipse/java/eclipse/plugins/fr.ac6.mcu.externaltools.arm-none.win32_1.3.0.201507241045/tools/compiler/bin/../lib/gcc/arm-none-eabi/4.9.3/../../../../arm-none-eabi/lib/armv7e-m/fpu\libc.a(lib_a-mprec.o)
                0x080075cc                __multadd
 .text.__hi0bits
                0x08007650       0x40 c:/eclipse/java/eclipse/plugins/fr.ac6.mcu.externaltools.arm-none.win32_1.3.0.201507241045/tools/compiler/bin/../lib/gcc/arm-none-eabi/4.9.3/../../../../arm-none-eabi/lib/armv7e-m/fpu\libc.a(lib_a-mprec.o)
                0x08007650                __hi0bits
 .text.__lo0bits
                0x08007690       0x5c c:/eclipse/java/eclipse/plugins/fr.ac6.mcu.externaltools.arm-none.win32_1.3.0.201507241045/tools/compiler/bin/../lib/gcc/arm-none-eabi/4.9.3/../../../../arm-none-eabi/lib/armv7e-m/fpu\libc.a(lib_a-mprec.o)
                0x08007690                __lo0bits
 .text.__i2b    0x080076ec       0x14 c:/eclipse/java/eclipse/plugins/fr.ac6.mcu.externaltools.arm-none.win32_1.3.0.201507241045/tools/compiler/bin/../lib/gcc/arm-none-eabi/4.9.3/../../../../arm-none-eabi/lib/armv7e-m/fpu\libc.a(lib_a-mprec.o)
                0x080076ec                __i2b
 .text.__multiply
                0x08007700      0x134 c:/eclipse/java/eclipse/plugins/fr.ac6.mcu.externaltools.arm-none.win32_1.3.0.201507241045/tools/compiler/bin/../lib/gcc/arm-none-eabi/4.9.3/../../../../arm-none-eabi/lib/armv7e-m/fpu\libc.a(lib_a-mprec.o)
                0x08007700                __multiply
 .text.__pow5mult
                0x08007834       0xa0 c:/eclipse/java/eclipse/plugins/fr.ac6.mcu.externaltools.arm-none.win32_1.3.0.201507241045/tools/compiler/bin/../lib/gcc/arm-none-eabi/4.9.3/../../../../arm-none-eabi/lib/armv7e-m/fpu\libc.a(lib_a-mprec.o)
                0x08007834                __pow5mult
 .text.__lshift
                0x080078d4       0xac c:/eclipse/java/eclipse/plugins/fr.ac6.mcu.externaltools.arm-none.win32_1.3.0.201507241045/tools/compiler/bin/../lib/gcc/arm-none-eabi/4.9.3/../../../../arm-none-eabi/lib/armv7e-m/fpu\libc.a(lib_a-mprec.o)
                0x080078d4                __lshift
 .text.__mcmp   0x08007980       0x48 c:/eclipse/java/eclipse/plugins/fr.ac6.mcu.externaltools.arm-none.win32_1.3.0.201507241045/tools/compiler/bin/../lib/gcc/arm-none-eabi/4.9.3/../../../../arm-none-eabi/lib/armv7e-m/fpu\libc.a(lib_a-mprec.o)
                0x08007980                __mcmp
 .text.__mdiff  0x080079c8       0xd4 c:/eclipse/java/eclipse/plugins/fr.ac6.mcu.externaltools.arm-none.win32_1.3.0.201507241045/tools/compiler/bin/../lib/gcc/arm-none-eabi/4.9.3/../../../../arm-none-eabi/lib/armv7e-m/fpu\libc.a(lib_a-mprec.o)
                0x080079c8                __mdiff
 .text.__d2b    0x08007a9c       0xbc c:/eclipse/java/eclipse/plugins/fr.ac6.mcu.externaltools.arm-none.win32_1.3.0.201507241045/tools/compiler/bin/../lib/gcc/arm-none-eabi/4.9.3/../../../../arm-none-eabi/lib/armv7e-m/fpu\libc.a(lib_a-mprec.o)
                0x08007a9c                __d2b
 .text.__fpclassifyd
                0x08007b58       0x5c c:/eclipse/java/eclipse/plugins/fr.ac6.mcu.externaltools.arm-none.win32_1.3.0.201507241045/tools/compiler/bin/../lib/gcc/arm-none-eabi/4.9.3/../../../../arm-none-eabi/lib/armv7e-m/fpu\libc.a(lib_a-s_fpclassify.o)
                0x08007b58                __fpclassifyd
 .text._sbrk_r  0x08007bb4       0x24 c:/eclipse/java/eclipse/plugins/fr.ac6.mcu.externaltools.arm-none.win32_1.3.0.201507241045/tools/compiler/bin/../lib/gcc/arm-none-eabi/4.9.3/../../../../arm-none-eabi/lib/armv7e-m/fpu\libc.a(lib_a-sbrkr.o)
                0x08007bb4                _sbrk_r
 .text.__ssprint_r
                0x08007bd8      0x104 c:/eclipse/java/eclipse/plugins/fr.ac6.mcu.externaltools.arm-none.win32_1.3.0.201507241045/tools/compiler/bin/../lib/gcc/arm-none-eabi/4.9.3/../../../../arm-none-eabi/lib/armv7e-m/fpu\libc.a(lib_a-svfiprintf.o)
                0x08007bd8                __ssprint_r
 .text.__register_exitproc
                0x08007cdc       0xa4 c:/eclipse/java/eclipse/plugins/fr.ac6.mcu.externaltools.arm-none.win32_1.3.0.201507241045/tools/compiler/bin/../lib/gcc/arm-none-eabi/4.9.3/../../../../arm-none-eabi/lib/armv7e-m/fpu\libc.a(lib_a-__atexit.o)
                0x08007cdc                __register_exitproc
 .text._calloc_r
                0x08007d80       0x60 c:/eclipse/java/eclipse/plugins/fr.ac6.mcu.externaltools.arm-none.win32_1.3.0.201507241045/tools/compiler/bin/../lib/gcc/arm-none-eabi/4.9.3/../../../../arm-none-eabi/lib/armv7e-m/fpu\libc.a(lib_a-callocr.o)
                0x08007d80                _calloc_r
 .text._malloc_trim_r
                0x08007de0       0x9c c:/eclipse/java/eclipse/plugins/fr.ac6.mcu.externaltools.arm-none.win32_1.3.0.201507241045/tools/compiler/bin/../lib/gcc/arm-none-eabi/4.9.3/../../../../arm-none-eabi/lib/armv7e-m/fpu\libc.a(lib_a-freer.o)
                0x08007de0                _malloc_trim_r
 .text._free_r  0x08007e7c      0x1b0 c:/eclipse/java/eclipse/plugins/fr.ac6.mcu.externaltools.arm-none.win32_1.3.0.201507241045/tools/compiler/bin/../lib/gcc/arm-none-eabi/4.9.3/../../../../arm-none-eabi/lib/armv7e-m/fpu\libc.a(lib_a-freer.o)
                0x08007e7c                _free_r
 .text.memmove  0x0800802c       0xc8 c:/eclipse/java/eclipse/plugins/fr.ac6.mcu.externaltools.arm-none.win32_1.3.0.201507241045/tools/compiler/bin/../lib/gcc/arm-none-eabi/4.9.3/../../../../arm-none-eabi/lib/armv7e-m/fpu\libc.a(lib_a-memmove.o)
                0x0800802c                memmove
 .text._realloc_r
                0x080080f4      0x3ec c:/eclipse/java/eclipse/plugins/fr.ac6.mcu.externaltools.arm-none.win32_1.3.0.201507241045/tools/compiler/bin/../lib/gcc/arm-none-eabi/4.9.3/../../../../arm-none-eabi/lib/armv7e-m/fpu\libc.a(lib_a-reallocr.o)
                0x080080f4                _realloc_r
 *(.glue_7)
 .glue_7        0x00000000        0x0 linker stubs
 *(.glue_7t)
 .glue_7t       0x00000000        0x0 linker stubs
 *(.eh_frame)
 .eh_frame      0x080084e0        0x0 c:/eclipse/java/eclipse/plugins/fr.ac6.mcu.externaltools.arm-none.win32_1.3.0.201507241045/tools/compiler/bin/../lib/gcc/arm-none-eabi/4.9.3/armv7e-m/fpu/crtbegin.o
 *(.init)
 .init          0x080084e0        0x4 c:/eclipse/java/eclipse/plugins/fr.ac6.mcu.externaltools.arm-none.win32_1.3.0.201507241045/tools/compiler/bin/../lib/gcc/arm-none-eabi/4.9.3/armv7e-m/fpu/crti.o
                0x080084e0                _init
 .init          0x080084e4        0x8 c:/eclipse/java/eclipse/plugins/fr.ac6.mcu.externaltools.arm-none.win32_1.3.0.201507241045/tools/compiler/bin/../lib/gcc/arm-none-eabi/4.9.3/armv7e-m/fpu/crtn.o
 *(.fini)
 .fini          0x080084ec        0x4 c:/eclipse/java/eclipse/plugins/fr.ac6.mcu.externaltools.arm-none.win32_1.3.0.201507241045/tools/compiler/bin/../lib/gcc/arm-none-eabi/4.9.3/armv7e-m/fpu/crti.o
                0x080084ec                _fini
 .fini          0x080084f0        0x8 c:/eclipse/java/eclipse/plugins/fr.ac6.mcu.externaltools.arm-none.win32_1.3.0.201507241045/tools/compiler/bin/../lib/gcc/arm-none-eabi/4.9.3/armv7e-m/fpu/crtn.o
                0x080084f8                . = ALIGN (0x8)
                0x080084f8                _etext = .

.vfp11_veneer   0x080084f8        0x0
 .vfp11_veneer  0x00000000        0x0 linker stubs

.v4_bx          0x080084f8        0x0
 .v4_bx         0x00000000        0x0 linker stubs

.iplt           0x080084f8        0x0
 .iplt          0x00000000        0x0 c:/eclipse/java/eclipse/plugins/fr.ac6.mcu.externaltools.arm-none.win32_1.3.0.201507241045/tools/compiler/bin/../lib/gcc/arm-none-eabi/4.9.3/armv7e-m/fpu/crtbegin.o

.rodata         0x080084f8      0x230
                0x080084f8                . = ALIGN (0x8)
 *(.rodata)
 .rodata        0x080084f8        0x8 HAL_Driver/Src/stm32l4xx_hal_rcc.o
                0x080084f8                APBAHBPrescTable
 .rodata        0x08008500       0x14 HAL_Driver/Src/stm32l4xx_hal_uart.o
 .rodata        0x08008514       0x40 src/system_stm32l4xx.o
                0x08008514                MSIRangeTable
                0x08008544                AHBPrescTable
 *(.rodata*)
 .rodata.str1.4
                0x08008554        0xb src/CComm.o
                                  0xc (size before relaxing)
 *fill*         0x0800855f        0x1 
 .rodata.atanlo
                0x08008560       0x20 c:/eclipse/java/eclipse/plugins/fr.ac6.mcu.externaltools.arm-none.win32_1.3.0.201507241045/tools/compiler/bin/../lib/gcc/arm-none-eabi/4.9.3/../../../../arm-none-eabi/lib/armv7e-m/fpu\libm.a(lib_a-s_atan.o)
 .rodata.atanhi
                0x08008580       0x20 c:/eclipse/java/eclipse/plugins/fr.ac6.mcu.externaltools.arm-none.win32_1.3.0.201507241045/tools/compiler/bin/../lib/gcc/arm-none-eabi/4.9.3/../../../../arm-none-eabi/lib/armv7e-m/fpu\libm.a(lib_a-s_atan.o)
 .rodata.str1.4
                0x080085a0        0x2 c:/eclipse/java/eclipse/plugins/fr.ac6.mcu.externaltools.arm-none.win32_1.3.0.201507241045/tools/compiler/bin/../lib/gcc/arm-none-eabi/4.9.3/../../../../arm-none-eabi/lib/armv7e-m/fpu\libc.a(lib_a-impure.o)
                                  0x4 (size before relaxing)
 *fill*         0x080085a2        0x2 
 .rodata._global_impure_ptr
                0x080085a4        0x4 c:/eclipse/java/eclipse/plugins/fr.ac6.mcu.externaltools.arm-none.win32_1.3.0.201507241045/tools/compiler/bin/../lib/gcc/arm-none-eabi/4.9.3/../../../../arm-none-eabi/lib/armv7e-m/fpu\libc.a(lib_a-impure.o)
                0x080085a4                _global_impure_ptr
 .rodata.zeroes.6916
                0x080085a8       0x10 c:/eclipse/java/eclipse/plugins/fr.ac6.mcu.externaltools.arm-none.win32_1.3.0.201507241045/tools/compiler/bin/../lib/gcc/arm-none-eabi/4.9.3/../../../../arm-none-eabi/lib/armv7e-m/fpu\libc.a(lib_a-svfprintf.o)
 .rodata.str1.4
                0x080085b8       0x42 c:/eclipse/java/eclipse/plugins/fr.ac6.mcu.externaltools.arm-none.win32_1.3.0.201507241045/tools/compiler/bin/../lib/gcc/arm-none-eabi/4.9.3/../../../../arm-none-eabi/lib/armv7e-m/fpu\libc.a(lib_a-svfprintf.o)
                                 0x44 (size before relaxing)
 *fill*         0x080085fa        0x2 
 .rodata.blanks.6915
                0x080085fc       0x10 c:/eclipse/java/eclipse/plugins/fr.ac6.mcu.externaltools.arm-none.win32_1.3.0.201507241045/tools/compiler/bin/../lib/gcc/arm-none-eabi/4.9.3/../../../../arm-none-eabi/lib/armv7e-m/fpu\libc.a(lib_a-svfprintf.o)
 .rodata.str1.4
                0x0800860c       0x10 c:/eclipse/java/eclipse/plugins/fr.ac6.mcu.externaltools.arm-none.win32_1.3.0.201507241045/tools/compiler/bin/../lib/gcc/arm-none-eabi/4.9.3/../../../../arm-none-eabi/lib/armv7e-m/fpu\libc.a(lib_a-dtoa.o)
                                 0x14 (size before relaxing)
 .rodata.str1.4
                0x0800861c        0xc c:/eclipse/java/eclipse/plugins/fr.ac6.mcu.externaltools.arm-none.win32_1.3.0.201507241045/tools/compiler/bin/../lib/gcc/arm-none-eabi/4.9.3/../../../../arm-none-eabi/lib/armv7e-m/fpu\libc.a(lib_a-locale.o)
                                 0x14 (size before relaxing)
 .rodata.p05.5296
                0x08008628        0xc c:/eclipse/java/eclipse/plugins/fr.ac6.mcu.externaltools.arm-none.win32_1.3.0.201507241045/tools/compiler/bin/../lib/gcc/arm-none-eabi/4.9.3/../../../../arm-none-eabi/lib/armv7e-m/fpu\libc.a(lib_a-mprec.o)
 *fill*         0x08008634        0x4 
 .rodata.__mprec_tens
                0x08008638       0xc8 c:/eclipse/java/eclipse/plugins/fr.ac6.mcu.externaltools.arm-none.win32_1.3.0.201507241045/tools/compiler/bin/../lib/gcc/arm-none-eabi/4.9.3/../../../../arm-none-eabi/lib/armv7e-m/fpu\libc.a(lib_a-mprec.o)
                0x08008638                __mprec_tens
 .rodata.__mprec_bigtens
                0x08008700       0x28 c:/eclipse/java/eclipse/plugins/fr.ac6.mcu.externaltools.arm-none.win32_1.3.0.201507241045/tools/compiler/bin/../lib/gcc/arm-none-eabi/4.9.3/../../../../arm-none-eabi/lib/armv7e-m/fpu\libc.a(lib_a-mprec.o)
                0x08008700                __mprec_bigtens
                0x08008728                . = ALIGN (0x8)

.ARM.extab      0x08008728        0x0
                0x08008728                . = ALIGN (0x8)
 *(.ARM.extab* .gnu.linkonce.armextab.*)
                0x08008728                . = ALIGN (0x8)

.ARM            0x08008728        0x8
                0x08008728                . = ALIGN (0x8)
                0x08008728                __exidx_start = .
 *(.ARM.exidx*)
 .ARM.exidx     0x08008728        0x8 c:/eclipse/java/eclipse/plugins/fr.ac6.mcu.externaltools.arm-none.win32_1.3.0.201507241045/tools/compiler/bin/../lib/gcc/arm-none-eabi/4.9.3/armv7e-m/fpu\libgcc.a(_divdi3.o)
 .ARM.exidx     0x08008730        0x0 c:/eclipse/java/eclipse/plugins/fr.ac6.mcu.externaltools.arm-none.win32_1.3.0.201507241045/tools/compiler/bin/../lib/gcc/arm-none-eabi/4.9.3/armv7e-m/fpu\libgcc.a(_udivdi3.o)
                                  0x8 (size before relaxing)
                0x08008730                __exidx_end = .
                0x08008730                . = ALIGN (0x8)

.rel.dyn        0x08008730        0x0
 .rel.iplt      0x00000000        0x0 c:/eclipse/java/eclipse/plugins/fr.ac6.mcu.externaltools.arm-none.win32_1.3.0.201507241045/tools/compiler/bin/../lib/gcc/arm-none-eabi/4.9.3/armv7e-m/fpu/crtbegin.o

.preinit_array  0x08008730        0x0
                0x08008730                . = ALIGN (0x8)
                0x08008730                PROVIDE (__preinit_array_start, .)
 *(.preinit_array*)
                0x08008730                PROVIDE (__preinit_array_end, .)
                0x08008730                . = ALIGN (0x8)

.init_array     0x08008730       0x10
                0x08008730                . = ALIGN (0x8)
                0x08008730                PROVIDE (__init_array_start, .)
 *(SORT(.init_array.*))
 .init_array.00000
                0x08008730        0x4 c:/eclipse/java/eclipse/plugins/fr.ac6.mcu.externaltools.arm-none.win32_1.3.0.201507241045/tools/compiler/bin/../lib/gcc/arm-none-eabi/4.9.3/../../../../arm-none-eabi/lib/armv7e-m/fpu\libc.a(lib_a-__call_atexit.o)
 *(.init_array*)
 .init_array    0x08008734        0x4 c:/eclipse/java/eclipse/plugins/fr.ac6.mcu.externaltools.arm-none.win32_1.3.0.201507241045/tools/compiler/bin/../lib/gcc/arm-none-eabi/4.9.3/armv7e-m/fpu/crtbegin.o
 .init_array    0x08008738        0x4 src/CComm.o
 .init_array    0x0800873c        0x4 src/CMainMenu.o
                0x08008740                PROVIDE (__init_array_end, .)
                0x08008740                . = ALIGN (0x8)

.fini_array     0x08008740        0x8
                0x08008740                . = ALIGN (0x8)
                0x08008740                PROVIDE (__fini_array_start, .)
 *(SORT(.fini_array.*))
 *(.fini_array*)
 .fini_array    0x08008740        0x4 c:/eclipse/java/eclipse/plugins/fr.ac6.mcu.externaltools.arm-none.win32_1.3.0.201507241045/tools/compiler/bin/../lib/gcc/arm-none-eabi/4.9.3/armv7e-m/fpu/crtbegin.o
                0x08008744                PROVIDE (__fini_array_end, .)
                0x08008748                . = ALIGN (0x8)
 *fill*         0x08008744        0x4 
                0x08008748                _sidata = LOADADDR (.data)

.data           0x20000000      0x8e8 load address 0x08008748
                0x20000000                . = ALIGN (0x8)
                0x20000000                _sdata = .
 *(.data)
 .data          0x20000000       0x68 Utilities/Components/lsm303c/lsm303c.o
                0x20000000                Lsm303cDrv_magneto
                0x20000034                Lsm303cDrv_accelero
 .data          0x20000068        0x4 src/system_stm32l4xx.o
                0x20000068                SystemCoreClock
 *(.data*)
 *fill*         0x2000006c        0x4 
 .data.impure_data
                0x20000070      0x428 c:/eclipse/java/eclipse/plugins/fr.ac6.mcu.externaltools.arm-none.win32_1.3.0.201507241045/tools/compiler/bin/../lib/gcc/arm-none-eabi/4.9.3/../../../../arm-none-eabi/lib/armv7e-m/fpu\libc.a(lib_a-impure.o)
 .data._impure_ptr
                0x20000498        0x4 c:/eclipse/java/eclipse/plugins/fr.ac6.mcu.externaltools.arm-none.win32_1.3.0.201507241045/tools/compiler/bin/../lib/gcc/arm-none-eabi/4.9.3/../../../../arm-none-eabi/lib/armv7e-m/fpu\libc.a(lib_a-impure.o)
                0x20000498                _impure_ptr
 .data.lconv    0x2000049c       0x38 c:/eclipse/java/eclipse/plugins/fr.ac6.mcu.externaltools.arm-none.win32_1.3.0.201507241045/tools/compiler/bin/../lib/gcc/arm-none-eabi/4.9.3/../../../../arm-none-eabi/lib/armv7e-m/fpu\libc.a(lib_a-locale.o)
 .data.__malloc_av_
                0x200004d4      0x408 c:/eclipse/java/eclipse/plugins/fr.ac6.mcu.externaltools.arm-none.win32_1.3.0.201507241045/tools/compiler/bin/../lib/gcc/arm-none-eabi/4.9.3/../../../../arm-none-eabi/lib/armv7e-m/fpu\libc.a(lib_a-mallocr.o)
                0x200004d4                __malloc_av_
 .data.__malloc_trim_threshold
                0x200008dc        0x4 c:/eclipse/java/eclipse/plugins/fr.ac6.mcu.externaltools.arm-none.win32_1.3.0.201507241045/tools/compiler/bin/../lib/gcc/arm-none-eabi/4.9.3/../../../../arm-none-eabi/lib/armv7e-m/fpu\libc.a(lib_a-mallocr.o)
                0x200008dc                __malloc_trim_threshold
 .data.__malloc_sbrk_base
                0x200008e0        0x4 c:/eclipse/java/eclipse/plugins/fr.ac6.mcu.externaltools.arm-none.win32_1.3.0.201507241045/tools/compiler/bin/../lib/gcc/arm-none-eabi/4.9.3/../../../../arm-none-eabi/lib/armv7e-m/fpu\libc.a(lib_a-mallocr.o)
                0x200008e0                __malloc_sbrk_base
                0x200008e8                . = ALIGN (0x8)
 *fill*         0x200008e4        0x4 
                0x200008e8                _edata = .

.jcr            0x200008e8        0x0 load address 0x08009030
 .jcr           0x200008e8        0x0 c:/eclipse/java/eclipse/plugins/fr.ac6.mcu.externaltools.arm-none.win32_1.3.0.201507241045/tools/compiler/bin/../lib/gcc/arm-none-eabi/4.9.3/armv7e-m/fpu/crtbegin.o

.igot.plt       0x200008e8        0x0 load address 0x08009030
 .igot.plt      0x00000000        0x0 c:/eclipse/java/eclipse/plugins/fr.ac6.mcu.externaltools.arm-none.win32_1.3.0.201507241045/tools/compiler/bin/../lib/gcc/arm-none-eabi/4.9.3/armv7e-m/fpu/crtbegin.o
                0x200008e8                . = ALIGN (0x4)

.bss            0x200008e8      0x290 load address 0x08009030
                0x200008e8                _sbss = .
                0x200008e8                __bss_start__ = _sbss
 *(.bss)
 .bss           0x200008e8       0x1c c:/eclipse/java/eclipse/plugins/fr.ac6.mcu.externaltools.arm-none.win32_1.3.0.201507241045/tools/compiler/bin/../lib/gcc/arm-none-eabi/4.9.3/armv7e-m/fpu/crtbegin.o
 .bss           0x20000904        0x4 HAL_Driver/Src/stm32l4xx_hal.o
 .bss           0x20000908       0xdc Utilities/STM32L476G-Discovery/stm32l476g_discovery.o
 .bss           0x200009e4        0x8 src/CCaculator.o
                0x200009e4                CCaculator::accBuffer
 .bss           0x200009ec       0x48 src/CComm.o
                0x200009ec                CComm::communicationTimer
                0x200009fc                CComm::sendDelay
                0x20000a0c                CComm::printBuffer
                0x20000a20                CComm::printBufferUint
 .bss           0x20000a34       0x18 src/CDriver.o
                0x20000a34                CDriver::AccelerometerDrv
                0x20000a38                CDriver::MagnetoDrv
                0x20000a3c                CDriver::accelerometr
                0x20000a44                CDriver::Magneto
                0x20000a4a                CDriver::test
 .bss           0x20000a4c       0x10 src/CMainMenu.o
                0x20000a4c                CMainMenu::updateTimer
 .bss           0x20000a5c        0x4 src/CTimers.o
                0x20000a5c                CTimers::tick
 .bss           0x20000a60        0x4 src/stm32l4xx_it.o
 .bss           0x20000a64        0x8 src/syscalls.o
                0x20000a68                __env
 *(.bss*)
 .bss.__malloc_max_total_mem
                0x20000a6c        0x4 c:/eclipse/java/eclipse/plugins/fr.ac6.mcu.externaltools.arm-none.win32_1.3.0.201507241045/tools/compiler/bin/../lib/gcc/arm-none-eabi/4.9.3/../../../../arm-none-eabi/lib/armv7e-m/fpu\libc.a(lib_a-mallocr.o)
                0x20000a6c                __malloc_max_total_mem
 .bss.__malloc_max_sbrked_mem
                0x20000a70        0x4 c:/eclipse/java/eclipse/plugins/fr.ac6.mcu.externaltools.arm-none.win32_1.3.0.201507241045/tools/compiler/bin/../lib/gcc/arm-none-eabi/4.9.3/../../../../arm-none-eabi/lib/armv7e-m/fpu\libc.a(lib_a-mallocr.o)
                0x20000a70                __malloc_max_sbrked_mem
 .bss.__malloc_top_pad
                0x20000a74        0x4 c:/eclipse/java/eclipse/plugins/fr.ac6.mcu.externaltools.arm-none.win32_1.3.0.201507241045/tools/compiler/bin/../lib/gcc/arm-none-eabi/4.9.3/../../../../arm-none-eabi/lib/armv7e-m/fpu\libc.a(lib_a-mallocr.o)
                0x20000a74                __malloc_top_pad
 .bss.__malloc_current_mallinfo
                0x20000a78       0x28 c:/eclipse/java/eclipse/plugins/fr.ac6.mcu.externaltools.arm-none.win32_1.3.0.201507241045/tools/compiler/bin/../lib/gcc/arm-none-eabi/4.9.3/../../../../arm-none-eabi/lib/armv7e-m/fpu\libc.a(lib_a-mallocr.o)
                0x20000a78                __malloc_current_mallinfo
 *(COMMON)
 COMMON         0x20000aa0       0x64 src/spi.o
                0x20000aa0                hspi2
 COMMON         0x20000b04       0x70 src/usart.o
                0x20000b04                huart2
 COMMON         0x20000b74        0x4 c:/eclipse/java/eclipse/plugins/fr.ac6.mcu.externaltools.arm-none.win32_1.3.0.201507241045/tools/compiler/bin/../lib/gcc/arm-none-eabi/4.9.3/../../../../arm-none-eabi/lib/armv7e-m/fpu\libc.a(lib_a-reent.o)
                0x20000b74                errno
                0x20000b78                . = ALIGN (0x4)
                0x20000b78                _ebss = .
                0x20000b78                __bss_end__ = _ebss

._user_heap_stack
                0x20000b78      0x600 load address 0x08009030
                0x20000b78                . = ALIGN (0x8)
                0x20000b78                PROVIDE (end, .)
                0x20000b78                PROVIDE (_end, .)
                0x20000d78                . = (. + _Min_Heap_Size)
 *fill*         0x20000b78      0x200 
                0x20001178                . = (. + _Min_Stack_Size)
 *fill*         0x20000d78      0x400 
                0x20001178                . = ALIGN (0x8)

/DISCARD/
 libc.a(*)
 libm.a(*)
 libgcc.a(*)

.ARM.attributes
                0x00000000       0x30
 *(.ARM.attributes)
 .ARM.attributes
                0x00000000       0x22 c:/eclipse/java/eclipse/plugins/fr.ac6.mcu.externaltools.arm-none.win32_1.3.0.201507241045/tools/compiler/bin/../lib/gcc/arm-none-eabi/4.9.3/armv7e-m/fpu/crti.o
 .ARM.attributes
                0x00000022       0x34 c:/eclipse/java/eclipse/plugins/fr.ac6.mcu.externaltools.arm-none.win32_1.3.0.201507241045/tools/compiler/bin/../lib/gcc/arm-none-eabi/4.9.3/armv7e-m/fpu/crtbegin.o
 .ARM.attributes
                0x00000056       0x39 HAL_Driver/Src/stm32l4xx_hal.o
 .ARM.attributes
                0x0000008f       0x39 HAL_Driver/Src/stm32l4xx_hal_cortex.o
 .ARM.attributes
                0x000000c8       0x39 HAL_Driver/Src/stm32l4xx_hal_gpio.o
 .ARM.attributes
                0x00000101       0x39 HAL_Driver/Src/stm32l4xx_hal_msp_template.o
 .ARM.attributes
                0x0000013a       0x39 HAL_Driver/Src/stm32l4xx_hal_pwr_ex.o
 .ARM.attributes
                0x00000173       0x39 HAL_Driver/Src/stm32l4xx_hal_rcc.o
 .ARM.attributes
                0x000001ac       0x39 HAL_Driver/Src/stm32l4xx_hal_rcc_ex.o
 .ARM.attributes
                0x000001e5       0x39 HAL_Driver/Src/stm32l4xx_hal_spi.o
 .ARM.attributes
                0x0000021e       0x39 HAL_Driver/Src/stm32l4xx_hal_uart.o
 .ARM.attributes
                0x00000257       0x39 Utilities/Components/lsm303c/lsm303c.o
 .ARM.attributes
                0x00000290       0x39 Utilities/STM32L476G-Discovery/stm32l476g_discovery.o
 .ARM.attributes
                0x000002c9       0x39 src/CCaculator.o
 .ARM.attributes
                0x00000302       0x39 src/CComm.o
 .ARM.attributes
                0x0000033b       0x39 src/CDriver.o
 .ARM.attributes
                0x00000374       0x39 src/CMainMenu.o
 .ARM.attributes
                0x000003ad       0x39 src/CTimers.o
 .ARM.attributes
                0x000003e6       0x39 src/gpio.o
 .ARM.attributes
                0x0000041f       0x39 src/main.o
 .ARM.attributes
                0x00000458       0x39 src/spi.o
 .ARM.attributes
                0x00000491       0x39 src/stm32l4xx_it.o
 .ARM.attributes
                0x000004ca       0x39 src/syscalls.o
 .ARM.attributes
                0x00000503       0x39 src/system_stm32l4xx.o
 .ARM.attributes
                0x0000053c       0x39 src/usart.o
 .ARM.attributes
                0x00000575       0x21 startup/startup_stm32l476xx.o
 .ARM.attributes
                0x00000596       0x34 c:/eclipse/java/eclipse/plugins/fr.ac6.mcu.externaltools.arm-none.win32_1.3.0.201507241045/tools/compiler/bin/../lib/gcc/arm-none-eabi/4.9.3/../../../../arm-none-eabi/lib/armv7e-m/fpu\libm.a(lib_a-w_atan2.o)
 .ARM.attributes
                0x000005ca       0x34 c:/eclipse/java/eclipse/plugins/fr.ac6.mcu.externaltools.arm-none.win32_1.3.0.201507241045/tools/compiler/bin/../lib/gcc/arm-none-eabi/4.9.3/../../../../arm-none-eabi/lib/armv7e-m/fpu\libm.a(lib_a-e_atan2.o)
 .ARM.attributes
                0x000005fe       0x34 c:/eclipse/java/eclipse/plugins/fr.ac6.mcu.externaltools.arm-none.win32_1.3.0.201507241045/tools/compiler/bin/../lib/gcc/arm-none-eabi/4.9.3/../../../../arm-none-eabi/lib/armv7e-m/fpu\libm.a(lib_a-s_atan.o)
 .ARM.attributes
                0x00000632       0x34 c:/eclipse/java/eclipse/plugins/fr.ac6.mcu.externaltools.arm-none.win32_1.3.0.201507241045/tools/compiler/bin/../lib/gcc/arm-none-eabi/4.9.3/../../../../arm-none-eabi/lib/armv7e-m/fpu\libm.a(lib_a-s_fabs.o)
 .ARM.attributes
                0x00000666       0x22 c:/eclipse/java/eclipse/plugins/fr.ac6.mcu.externaltools.arm-none.win32_1.3.0.201507241045/tools/compiler/bin/../lib/gcc/arm-none-eabi/4.9.3/armv7e-m/fpu\libgcc.a(_arm_addsubdf3.o)
 .ARM.attributes
                0x00000688       0x22 c:/eclipse/java/eclipse/plugins/fr.ac6.mcu.externaltools.arm-none.win32_1.3.0.201507241045/tools/compiler/bin/../lib/gcc/arm-none-eabi/4.9.3/armv7e-m/fpu\libgcc.a(_arm_muldivdf3.o)
 .ARM.attributes
                0x000006aa       0x22 c:/eclipse/java/eclipse/plugins/fr.ac6.mcu.externaltools.arm-none.win32_1.3.0.201507241045/tools/compiler/bin/../lib/gcc/arm-none-eabi/4.9.3/armv7e-m/fpu\libgcc.a(_arm_cmpdf2.o)
 .ARM.attributes
                0x000006cc       0x22 c:/eclipse/java/eclipse/plugins/fr.ac6.mcu.externaltools.arm-none.win32_1.3.0.201507241045/tools/compiler/bin/../lib/gcc/arm-none-eabi/4.9.3/armv7e-m/fpu\libgcc.a(_arm_truncdfsf2.o)
 .ARM.attributes
                0x000006ee       0x22 c:/eclipse/java/eclipse/plugins/fr.ac6.mcu.externaltools.arm-none.win32_1.3.0.201507241045/tools/compiler/bin/../lib/gcc/arm-none-eabi/4.9.3/armv7e-m/fpu\libgcc.a(_aeabi_uldivmod.o)
 .ARM.attributes
                0x00000710       0x34 c:/eclipse/java/eclipse/plugins/fr.ac6.mcu.externaltools.arm-none.win32_1.3.0.201507241045/tools/compiler/bin/../lib/gcc/arm-none-eabi/4.9.3/armv7e-m/fpu\libgcc.a(bpabi.o)
 .ARM.attributes
                0x00000744       0x22 c:/eclipse/java/eclipse/plugins/fr.ac6.mcu.externaltools.arm-none.win32_1.3.0.201507241045/tools/compiler/bin/../lib/gcc/arm-none-eabi/4.9.3/armv7e-m/fpu\libgcc.a(_dvmd_tls.o)
 .ARM.attributes
                0x00000766       0x34 c:/eclipse/java/eclipse/plugins/fr.ac6.mcu.externaltools.arm-none.win32_1.3.0.201507241045/tools/compiler/bin/../lib/gcc/arm-none-eabi/4.9.3/armv7e-m/fpu\libgcc.a(_divdi3.o)
 .ARM.attributes
                0x0000079a       0x34 c:/eclipse/java/eclipse/plugins/fr.ac6.mcu.externaltools.arm-none.win32_1.3.0.201507241045/tools/compiler/bin/../lib/gcc/arm-none-eabi/4.9.3/armv7e-m/fpu\libgcc.a(_udivdi3.o)
 .ARM.attributes
                0x000007ce       0x34 c:/eclipse/java/eclipse/plugins/fr.ac6.mcu.externaltools.arm-none.win32_1.3.0.201507241045/tools/compiler/bin/../lib/gcc/arm-none-eabi/4.9.3/../../../../arm-none-eabi/lib/armv7e-m/fpu\libc.a(lib_a-errno.o)
 .ARM.attributes
                0x00000802       0x34 c:/eclipse/java/eclipse/plugins/fr.ac6.mcu.externaltools.arm-none.win32_1.3.0.201507241045/tools/compiler/bin/../lib/gcc/arm-none-eabi/4.9.3/../../../../arm-none-eabi/lib/armv7e-m/fpu\libc.a(lib_a-impure.o)
 .ARM.attributes
                0x00000836       0x34 c:/eclipse/java/eclipse/plugins/fr.ac6.mcu.externaltools.arm-none.win32_1.3.0.201507241045/tools/compiler/bin/../lib/gcc/arm-none-eabi/4.9.3/../../../../arm-none-eabi/lib/armv7e-m/fpu\libc.a(lib_a-init.o)
 .ARM.attributes
                0x0000086a       0x34 c:/eclipse/java/eclipse/plugins/fr.ac6.mcu.externaltools.arm-none.win32_1.3.0.201507241045/tools/compiler/bin/../lib/gcc/arm-none-eabi/4.9.3/../../../../arm-none-eabi/lib/armv7e-m/fpu\libc.a(lib_a-memset.o)
 .ARM.attributes
                0x0000089e       0x34 c:/eclipse/java/eclipse/plugins/fr.ac6.mcu.externaltools.arm-none.win32_1.3.0.201507241045/tools/compiler/bin/../lib/gcc/arm-none-eabi/4.9.3/../../../../arm-none-eabi/lib/armv7e-m/fpu\libc.a(lib_a-sprintf.o)
 .ARM.attributes
                0x000008d2       0x34 c:/eclipse/java/eclipse/plugins/fr.ac6.mcu.externaltools.arm-none.win32_1.3.0.201507241045/tools/compiler/bin/../lib/gcc/arm-none-eabi/4.9.3/../../../../arm-none-eabi/lib/armv7e-m/fpu\libc.a(lib_a-strlen.o)
 .ARM.attributes
                0x00000906       0x34 c:/eclipse/java/eclipse/plugins/fr.ac6.mcu.externaltools.arm-none.win32_1.3.0.201507241045/tools/compiler/bin/../lib/gcc/arm-none-eabi/4.9.3/../../../../arm-none-eabi/lib/armv7e-m/fpu\libc.a(lib_a-svfprintf.o)
 .ARM.attributes
                0x0000093a       0x34 c:/eclipse/java/eclipse/plugins/fr.ac6.mcu.externaltools.arm-none.win32_1.3.0.201507241045/tools/compiler/bin/../lib/gcc/arm-none-eabi/4.9.3/../../../../arm-none-eabi/lib/armv7e-m/fpu\libc.a(lib_a-__call_atexit.o)
 .ARM.attributes
                0x0000096e       0x34 c:/eclipse/java/eclipse/plugins/fr.ac6.mcu.externaltools.arm-none.win32_1.3.0.201507241045/tools/compiler/bin/../lib/gcc/arm-none-eabi/4.9.3/../../../../arm-none-eabi/lib/armv7e-m/fpu\libc.a(lib_a-atexit.o)
 .ARM.attributes
                0x000009a2       0x34 c:/eclipse/java/eclipse/plugins/fr.ac6.mcu.externaltools.arm-none.win32_1.3.0.201507241045/tools/compiler/bin/../lib/gcc/arm-none-eabi/4.9.3/../../../../arm-none-eabi/lib/armv7e-m/fpu\libc.a(lib_a-dtoa.o)
 .ARM.attributes
                0x000009d6       0x34 c:/eclipse/java/eclipse/plugins/fr.ac6.mcu.externaltools.arm-none.win32_1.3.0.201507241045/tools/compiler/bin/../lib/gcc/arm-none-eabi/4.9.3/../../../../arm-none-eabi/lib/armv7e-m/fpu\libc.a(lib_a-fini.o)
 .ARM.attributes
                0x00000a0a       0x34 c:/eclipse/java/eclipse/plugins/fr.ac6.mcu.externaltools.arm-none.win32_1.3.0.201507241045/tools/compiler/bin/../lib/gcc/arm-none-eabi/4.9.3/../../../../arm-none-eabi/lib/armv7e-m/fpu\libc.a(lib_a-locale.o)
 .ARM.attributes
                0x00000a3e       0x34 c:/eclipse/java/eclipse/plugins/fr.ac6.mcu.externaltools.arm-none.win32_1.3.0.201507241045/tools/compiler/bin/../lib/gcc/arm-none-eabi/4.9.3/../../../../arm-none-eabi/lib/armv7e-m/fpu\libc.a(lib_a-mallocr.o)
 .ARM.attributes
                0x00000a72       0x34 c:/eclipse/java/eclipse/plugins/fr.ac6.mcu.externaltools.arm-none.win32_1.3.0.201507241045/tools/compiler/bin/../lib/gcc/arm-none-eabi/4.9.3/../../../../arm-none-eabi/lib/armv7e-m/fpu\libc.a(lib_a-memchr.o)
 .ARM.attributes
                0x00000aa6       0x20 c:/eclipse/java/eclipse/plugins/fr.ac6.mcu.externaltools.arm-none.win32_1.3.0.201507241045/tools/compiler/bin/../lib/gcc/arm-none-eabi/4.9.3/../../../../arm-none-eabi/lib/armv7e-m/fpu\libc.a(lib_a-memcpy.o)
 .ARM.attributes
                0x00000ac6       0x34 c:/eclipse/java/eclipse/plugins/fr.ac6.mcu.externaltools.arm-none.win32_1.3.0.201507241045/tools/compiler/bin/../lib/gcc/arm-none-eabi/4.9.3/../../../../arm-none-eabi/lib/armv7e-m/fpu\libc.a(lib_a-mlock.o)
 .ARM.attributes
                0x00000afa       0x34 c:/eclipse/java/eclipse/plugins/fr.ac6.mcu.externaltools.arm-none.win32_1.3.0.201507241045/tools/compiler/bin/../lib/gcc/arm-none-eabi/4.9.3/../../../../arm-none-eabi/lib/armv7e-m/fpu\libc.a(lib_a-mprec.o)
 .ARM.attributes
                0x00000b2e       0x34 c:/eclipse/java/eclipse/plugins/fr.ac6.mcu.externaltools.arm-none.win32_1.3.0.201507241045/tools/compiler/bin/../lib/gcc/arm-none-eabi/4.9.3/../../../../arm-none-eabi/lib/armv7e-m/fpu\libc.a(lib_a-s_fpclassify.o)
 .ARM.attributes
                0x00000b62       0x34 c:/eclipse/java/eclipse/plugins/fr.ac6.mcu.externaltools.arm-none.win32_1.3.0.201507241045/tools/compiler/bin/../lib/gcc/arm-none-eabi/4.9.3/../../../../arm-none-eabi/lib/armv7e-m/fpu\libc.a(lib_a-sbrkr.o)
 .ARM.attributes
                0x00000b96       0x34 c:/eclipse/java/eclipse/plugins/fr.ac6.mcu.externaltools.arm-none.win32_1.3.0.201507241045/tools/compiler/bin/../lib/gcc/arm-none-eabi/4.9.3/../../../../arm-none-eabi/lib/armv7e-m/fpu\libc.a(lib_a-svfiprintf.o)
 .ARM.attributes
                0x00000bca       0x34 c:/eclipse/java/eclipse/plugins/fr.ac6.mcu.externaltools.arm-none.win32_1.3.0.201507241045/tools/compiler/bin/../lib/gcc/arm-none-eabi/4.9.3/../../../../arm-none-eabi/lib/armv7e-m/fpu\libc.a(lib_a-__atexit.o)
 .ARM.attributes
                0x00000bfe       0x34 c:/eclipse/java/eclipse/plugins/fr.ac6.mcu.externaltools.arm-none.win32_1.3.0.201507241045/tools/compiler/bin/../lib/gcc/arm-none-eabi/4.9.3/../../../../arm-none-eabi/lib/armv7e-m/fpu\libc.a(lib_a-callocr.o)
 .ARM.attributes
                0x00000c32       0x34 c:/eclipse/java/eclipse/plugins/fr.ac6.mcu.externaltools.arm-none.win32_1.3.0.201507241045/tools/compiler/bin/../lib/gcc/arm-none-eabi/4.9.3/../../../../arm-none-eabi/lib/armv7e-m/fpu\libc.a(lib_a-freer.o)
 .ARM.attributes
                0x00000c66       0x34 c:/eclipse/java/eclipse/plugins/fr.ac6.mcu.externaltools.arm-none.win32_1.3.0.201507241045/tools/compiler/bin/../lib/gcc/arm-none-eabi/4.9.3/../../../../arm-none-eabi/lib/armv7e-m/fpu\libc.a(lib_a-memmove.o)
 .ARM.attributes
                0x00000c9a       0x34 c:/eclipse/java/eclipse/plugins/fr.ac6.mcu.externaltools.arm-none.win32_1.3.0.201507241045/tools/compiler/bin/../lib/gcc/arm-none-eabi/4.9.3/../../../../arm-none-eabi/lib/armv7e-m/fpu\libc.a(lib_a-reallocr.o)
 .ARM.attributes
                0x00000cce       0x34 c:/eclipse/java/eclipse/plugins/fr.ac6.mcu.externaltools.arm-none.win32_1.3.0.201507241045/tools/compiler/bin/../lib/gcc/arm-none-eabi/4.9.3/../../../../arm-none-eabi/lib/armv7e-m/fpu\libc.a(lib_a-reent.o)
 .ARM.attributes
                0x00000d02       0x22 c:/eclipse/java/eclipse/plugins/fr.ac6.mcu.externaltools.arm-none.win32_1.3.0.201507241045/tools/compiler/bin/../lib/gcc/arm-none-eabi/4.9.3/armv7e-m/fpu\libgcc.a(_arm_fixdfsi.o)
 .ARM.attributes
                0x00000d24       0x22 c:/eclipse/java/eclipse/plugins/fr.ac6.mcu.externaltools.arm-none.win32_1.3.0.201507241045/tools/compiler/bin/../lib/gcc/arm-none-eabi/4.9.3/armv7e-m/fpu/crtn.o
OUTPUT(FlyControll.elf elf32-littlearm)

.comment        0x00000000       0x70
 .comment       0x00000000       0x70 HAL_Driver/Src/stm32l4xx_hal.o
                                 0x71 (size before relaxing)
 .comment       0x00000000       0x71 HAL_Driver/Src/stm32l4xx_hal_cortex.o
 .comment       0x00000000       0x71 HAL_Driver/Src/stm32l4xx_hal_gpio.o
 .comment       0x00000000       0x71 HAL_Driver/Src/stm32l4xx_hal_msp_template.o
 .comment       0x00000000       0x71 HAL_Driver/Src/stm32l4xx_hal_pwr_ex.o
 .comment       0x00000000       0x71 HAL_Driver/Src/stm32l4xx_hal_rcc.o
 .comment       0x00000000       0x71 HAL_Driver/Src/stm32l4xx_hal_rcc_ex.o
 .comment       0x00000000       0x71 HAL_Driver/Src/stm32l4xx_hal_spi.o
 .comment       0x00000000       0x71 HAL_Driver/Src/stm32l4xx_hal_uart.o
 .comment       0x00000000       0x71 Utilities/Components/lsm303c/lsm303c.o
 .comment       0x00000000       0x71 Utilities/STM32L476G-Discovery/stm32l476g_discovery.o
 .comment       0x00000000       0x71 src/CCaculator.o
 .comment       0x00000000       0x71 src/CComm.o
 .comment       0x00000000       0x71 src/CDriver.o
 .comment       0x00000000       0x71 src/CMainMenu.o
 .comment       0x00000000       0x71 src/CTimers.o
 .comment       0x00000000       0x71 src/gpio.o
 .comment       0x00000000       0x71 src/main.o
 .comment       0x00000000       0x71 src/spi.o
 .comment       0x00000000       0x71 src/stm32l4xx_it.o
 .comment       0x00000000       0x71 src/syscalls.o
 .comment       0x00000000       0x71 src/system_stm32l4xx.o
 .comment       0x00000000       0x71 src/usart.o

.debug_frame    0x00000000      0xa80
 .debug_frame   0x00000000       0x20 c:/eclipse/java/eclipse/plugins/fr.ac6.mcu.externaltools.arm-none.win32_1.3.0.201507241045/tools/compiler/bin/../lib/gcc/arm-none-eabi/4.9.3/../../../../arm-none-eabi/lib/armv7e-m/fpu\libm.a(lib_a-w_atan2.o)
 .debug_frame   0x00000020       0x44 c:/eclipse/java/eclipse/plugins/fr.ac6.mcu.externaltools.arm-none.win32_1.3.0.201507241045/tools/compiler/bin/../lib/gcc/arm-none-eabi/4.9.3/../../../../arm-none-eabi/lib/armv7e-m/fpu\libm.a(lib_a-e_atan2.o)
 .debug_frame   0x00000064       0x38 c:/eclipse/java/eclipse/plugins/fr.ac6.mcu.externaltools.arm-none.win32_1.3.0.201507241045/tools/compiler/bin/../lib/gcc/arm-none-eabi/4.9.3/../../../../arm-none-eabi/lib/armv7e-m/fpu\libm.a(lib_a-s_atan.o)
 .debug_frame   0x0000009c       0x20 c:/eclipse/java/eclipse/plugins/fr.ac6.mcu.externaltools.arm-none.win32_1.3.0.201507241045/tools/compiler/bin/../lib/gcc/arm-none-eabi/4.9.3/../../../../arm-none-eabi/lib/armv7e-m/fpu\libm.a(lib_a-s_fabs.o)
 .debug_frame   0x000000bc       0x28 c:/eclipse/java/eclipse/plugins/fr.ac6.mcu.externaltools.arm-none.win32_1.3.0.201507241045/tools/compiler/bin/../lib/gcc/arm-none-eabi/4.9.3/armv7e-m/fpu\libgcc.a(_aeabi_uldivmod.o)
 .debug_frame   0x000000e4       0x50 c:/eclipse/java/eclipse/plugins/fr.ac6.mcu.externaltools.arm-none.win32_1.3.0.201507241045/tools/compiler/bin/../lib/gcc/arm-none-eabi/4.9.3/armv7e-m/fpu\libgcc.a(bpabi.o)
 .debug_frame   0x00000134       0x34 c:/eclipse/java/eclipse/plugins/fr.ac6.mcu.externaltools.arm-none.win32_1.3.0.201507241045/tools/compiler/bin/../lib/gcc/arm-none-eabi/4.9.3/armv7e-m/fpu\libgcc.a(_divdi3.o)
 .debug_frame   0x00000168       0x30 c:/eclipse/java/eclipse/plugins/fr.ac6.mcu.externaltools.arm-none.win32_1.3.0.201507241045/tools/compiler/bin/../lib/gcc/arm-none-eabi/4.9.3/armv7e-m/fpu\libgcc.a(_udivdi3.o)
 .debug_frame   0x00000198       0x20 c:/eclipse/java/eclipse/plugins/fr.ac6.mcu.externaltools.arm-none.win32_1.3.0.201507241045/tools/compiler/bin/../lib/gcc/arm-none-eabi/4.9.3/../../../../arm-none-eabi/lib/armv7e-m/fpu\libc.a(lib_a-errno.o)
 .debug_frame   0x000001b8       0x2c c:/eclipse/java/eclipse/plugins/fr.ac6.mcu.externaltools.arm-none.win32_1.3.0.201507241045/tools/compiler/bin/../lib/gcc/arm-none-eabi/4.9.3/../../../../arm-none-eabi/lib/armv7e-m/fpu\libc.a(lib_a-init.o)
 .debug_frame   0x000001e4       0x34 c:/eclipse/java/eclipse/plugins/fr.ac6.mcu.externaltools.arm-none.win32_1.3.0.201507241045/tools/compiler/bin/../lib/gcc/arm-none-eabi/4.9.3/../../../../arm-none-eabi/lib/armv7e-m/fpu\libc.a(lib_a-memset.o)
 .debug_frame   0x00000218       0x84 c:/eclipse/java/eclipse/plugins/fr.ac6.mcu.externaltools.arm-none.win32_1.3.0.201507241045/tools/compiler/bin/../lib/gcc/arm-none-eabi/4.9.3/../../../../arm-none-eabi/lib/armv7e-m/fpu\libc.a(lib_a-sprintf.o)
 .debug_frame   0x0000029c       0x20 c:/eclipse/java/eclipse/plugins/fr.ac6.mcu.externaltools.arm-none.win32_1.3.0.201507241045/tools/compiler/bin/../lib/gcc/arm-none-eabi/4.9.3/../../../../arm-none-eabi/lib/armv7e-m/fpu\libc.a(lib_a-strlen.o)
 .debug_frame   0x000002bc       0x40 c:/eclipse/java/eclipse/plugins/fr.ac6.mcu.externaltools.arm-none.win32_1.3.0.201507241045/tools/compiler/bin/../lib/gcc/arm-none-eabi/4.9.3/../../../../arm-none-eabi/lib/armv7e-m/fpu\libc.a(lib_a-svfprintf.o)
 .debug_frame   0x000002fc       0x50 c:/eclipse/java/eclipse/plugins/fr.ac6.mcu.externaltools.arm-none.win32_1.3.0.201507241045/tools/compiler/bin/../lib/gcc/arm-none-eabi/4.9.3/../../../../arm-none-eabi/lib/armv7e-m/fpu\libc.a(lib_a-__call_atexit.o)
 .debug_frame   0x0000034c       0x20 c:/eclipse/java/eclipse/plugins/fr.ac6.mcu.externaltools.arm-none.win32_1.3.0.201507241045/tools/compiler/bin/../lib/gcc/arm-none-eabi/4.9.3/../../../../arm-none-eabi/lib/armv7e-m/fpu\libc.a(lib_a-atexit.o)
 .debug_frame   0x0000036c       0x88 c:/eclipse/java/eclipse/plugins/fr.ac6.mcu.externaltools.arm-none.win32_1.3.0.201507241045/tools/compiler/bin/../lib/gcc/arm-none-eabi/4.9.3/../../../../arm-none-eabi/lib/armv7e-m/fpu\libc.a(lib_a-dtoa.o)
 .debug_frame   0x000003f4       0x34 c:/eclipse/java/eclipse/plugins/fr.ac6.mcu.externaltools.arm-none.win32_1.3.0.201507241045/tools/compiler/bin/../lib/gcc/arm-none-eabi/4.9.3/../../../../arm-none-eabi/lib/armv7e-m/fpu\libc.a(lib_a-fini.o)
 .debug_frame   0x00000428       0x9c c:/eclipse/java/eclipse/plugins/fr.ac6.mcu.externaltools.arm-none.win32_1.3.0.201507241045/tools/compiler/bin/../lib/gcc/arm-none-eabi/4.9.3/../../../../arm-none-eabi/lib/armv7e-m/fpu\libc.a(lib_a-locale.o)
 .debug_frame   0x000004c4       0x58 c:/eclipse/java/eclipse/plugins/fr.ac6.mcu.externaltools.arm-none.win32_1.3.0.201507241045/tools/compiler/bin/../lib/gcc/arm-none-eabi/4.9.3/../../../../arm-none-eabi/lib/armv7e-m/fpu\libc.a(lib_a-mallocr.o)
 .debug_frame   0x0000051c       0x3c c:/eclipse/java/eclipse/plugins/fr.ac6.mcu.externaltools.arm-none.win32_1.3.0.201507241045/tools/compiler/bin/../lib/gcc/arm-none-eabi/4.9.3/../../../../arm-none-eabi/lib/armv7e-m/fpu\libc.a(lib_a-memchr.o)
 .debug_frame   0x00000558       0x30 c:/eclipse/java/eclipse/plugins/fr.ac6.mcu.externaltools.arm-none.win32_1.3.0.201507241045/tools/compiler/bin/../lib/gcc/arm-none-eabi/4.9.3/../../../../arm-none-eabi/lib/armv7e-m/fpu\libc.a(lib_a-mlock.o)
 .debug_frame   0x00000588      0x268 c:/eclipse/java/eclipse/plugins/fr.ac6.mcu.externaltools.arm-none.win32_1.3.0.201507241045/tools/compiler/bin/../lib/gcc/arm-none-eabi/4.9.3/../../../../arm-none-eabi/lib/armv7e-m/fpu\libc.a(lib_a-mprec.o)
 .debug_frame   0x000007f0       0x34 c:/eclipse/java/eclipse/plugins/fr.ac6.mcu.externaltools.arm-none.win32_1.3.0.201507241045/tools/compiler/bin/../lib/gcc/arm-none-eabi/4.9.3/../../../../arm-none-eabi/lib/armv7e-m/fpu\libc.a(lib_a-s_fpclassify.o)
 .debug_frame   0x00000824       0x2c c:/eclipse/java/eclipse/plugins/fr.ac6.mcu.externaltools.arm-none.win32_1.3.0.201507241045/tools/compiler/bin/../lib/gcc/arm-none-eabi/4.9.3/../../../../arm-none-eabi/lib/armv7e-m/fpu\libc.a(lib_a-sbrkr.o)
 .debug_frame   0x00000850       0x78 c:/eclipse/java/eclipse/plugins/fr.ac6.mcu.externaltools.arm-none.win32_1.3.0.201507241045/tools/compiler/bin/../lib/gcc/arm-none-eabi/4.9.3/../../../../arm-none-eabi/lib/armv7e-m/fpu\libc.a(lib_a-svfiprintf.o)
 .debug_frame   0x000008c8       0x34 c:/eclipse/java/eclipse/plugins/fr.ac6.mcu.externaltools.arm-none.win32_1.3.0.201507241045/tools/compiler/bin/../lib/gcc/arm-none-eabi/4.9.3/../../../../arm-none-eabi/lib/armv7e-m/fpu\libc.a(lib_a-__atexit.o)
 .debug_frame   0x000008fc       0x28 c:/eclipse/java/eclipse/plugins/fr.ac6.mcu.externaltools.arm-none.win32_1.3.0.201507241045/tools/compiler/bin/../lib/gcc/arm-none-eabi/4.9.3/../../../../arm-none-eabi/lib/armv7e-m/fpu\libc.a(lib_a-callocr.o)
 .debug_frame   0x00000924       0x74 c:/eclipse/java/eclipse/plugins/fr.ac6.mcu.externaltools.arm-none.win32_1.3.0.201507241045/tools/compiler/bin/../lib/gcc/arm-none-eabi/4.9.3/../../../../arm-none-eabi/lib/armv7e-m/fpu\libc.a(lib_a-freer.o)
 .debug_frame   0x00000998       0x30 c:/eclipse/java/eclipse/plugins/fr.ac6.mcu.externaltools.arm-none.win32_1.3.0.201507241045/tools/compiler/bin/../lib/gcc/arm-none-eabi/4.9.3/../../../../arm-none-eabi/lib/armv7e-m/fpu\libc.a(lib_a-memmove.o)
 .debug_frame   0x000009c8       0x60 c:/eclipse/java/eclipse/plugins/fr.ac6.mcu.externaltools.arm-none.win32_1.3.0.201507241045/tools/compiler/bin/../lib/gcc/arm-none-eabi/4.9.3/../../../../arm-none-eabi/lib/armv7e-m/fpu\libc.a(lib_a-reallocr.o)
 .debug_frame   0x00000a28       0x58 c:/eclipse/java/eclipse/plugins/fr.ac6.mcu.externaltools.arm-none.win32_1.3.0.201507241045/tools/compiler/bin/../lib/gcc/arm-none-eabi/4.9.3/../../../../arm-none-eabi/lib/armv7e-m/fpu\libc.a(lib_a-reent.o)
