Archive member included because of file (symbol)

c:/eclipse/java/eclipse/plugins/fr.ac6.mcu.externaltools.arm-none.win32_1.3.0.201507241045/tools/compiler/bin/../lib/gcc/arm-none-eabi/4.9.3/armv7e-m/fpu\libgcc.a(_aeabi_uldivmod.o)
                              HAL_Driver/Src/stm32l4xx_hal_uart.o (__aeabi_uldivmod)
c:/eclipse/java/eclipse/plugins/fr.ac6.mcu.externaltools.arm-none.win32_1.3.0.201507241045/tools/compiler/bin/../lib/gcc/arm-none-eabi/4.9.3/armv7e-m/fpu\libgcc.a(bpabi.o)
                              c:/eclipse/java/eclipse/plugins/fr.ac6.mcu.externaltools.arm-none.win32_1.3.0.201507241045/tools/compiler/bin/../lib/gcc/arm-none-eabi/4.9.3/armv7e-m/fpu\libgcc.a(_aeabi_uldivmod.o) (__gnu_uldivmod_helper)
c:/eclipse/java/eclipse/plugins/fr.ac6.mcu.externaltools.arm-none.win32_1.3.0.201507241045/tools/compiler/bin/../lib/gcc/arm-none-eabi/4.9.3/armv7e-m/fpu\libgcc.a(_dvmd_tls.o)
                              c:/eclipse/java/eclipse/plugins/fr.ac6.mcu.externaltools.arm-none.win32_1.3.0.201507241045/tools/compiler/bin/../lib/gcc/arm-none-eabi/4.9.3/armv7e-m/fpu\libgcc.a(_aeabi_uldivmod.o) (__aeabi_ldiv0)
c:/eclipse/java/eclipse/plugins/fr.ac6.mcu.externaltools.arm-none.win32_1.3.0.201507241045/tools/compiler/bin/../lib/gcc/arm-none-eabi/4.9.3/armv7e-m/fpu\libgcc.a(_divdi3.o)
                              c:/eclipse/java/eclipse/plugins/fr.ac6.mcu.externaltools.arm-none.win32_1.3.0.201507241045/tools/compiler/bin/../lib/gcc/arm-none-eabi/4.9.3/armv7e-m/fpu\libgcc.a(bpabi.o) (__divdi3)
c:/eclipse/java/eclipse/plugins/fr.ac6.mcu.externaltools.arm-none.win32_1.3.0.201507241045/tools/compiler/bin/../lib/gcc/arm-none-eabi/4.9.3/armv7e-m/fpu\libgcc.a(_udivdi3.o)
                              c:/eclipse/java/eclipse/plugins/fr.ac6.mcu.externaltools.arm-none.win32_1.3.0.201507241045/tools/compiler/bin/../lib/gcc/arm-none-eabi/4.9.3/armv7e-m/fpu\libgcc.a(bpabi.o) (__udivdi3)
c:/eclipse/java/eclipse/plugins/fr.ac6.mcu.externaltools.arm-none.win32_1.3.0.201507241045/tools/compiler/bin/../lib/gcc/arm-none-eabi/4.9.3/../../../../arm-none-eabi/lib/armv7e-m/fpu\libc.a(lib_a-errno.o)
                              src/syscalls.o (__errno)
c:/eclipse/java/eclipse/plugins/fr.ac6.mcu.externaltools.arm-none.win32_1.3.0.201507241045/tools/compiler/bin/../lib/gcc/arm-none-eabi/4.9.3/../../../../arm-none-eabi/lib/armv7e-m/fpu\libc.a(lib_a-exit.o)
                              c:/eclipse/java/eclipse/plugins/fr.ac6.mcu.externaltools.arm-none.win32_1.3.0.201507241045/tools/compiler/bin/../lib/gcc/arm-none-eabi/4.9.3/../../../../arm-none-eabi/lib/armv7e-m/fpu/crt0.o (exit)
c:/eclipse/java/eclipse/plugins/fr.ac6.mcu.externaltools.arm-none.win32_1.3.0.201507241045/tools/compiler/bin/../lib/gcc/arm-none-eabi/4.9.3/../../../../arm-none-eabi/lib/armv7e-m/fpu\libc.a(lib_a-impure.o)
                              c:/eclipse/java/eclipse/plugins/fr.ac6.mcu.externaltools.arm-none.win32_1.3.0.201507241045/tools/compiler/bin/../lib/gcc/arm-none-eabi/4.9.3/../../../../arm-none-eabi/lib/armv7e-m/fpu\libc.a(lib_a-exit.o) (_global_impure_ptr)
c:/eclipse/java/eclipse/plugins/fr.ac6.mcu.externaltools.arm-none.win32_1.3.0.201507241045/tools/compiler/bin/../lib/gcc/arm-none-eabi/4.9.3/../../../../arm-none-eabi/lib/armv7e-m/fpu\libc.a(lib_a-init.o)
                              c:/eclipse/java/eclipse/plugins/fr.ac6.mcu.externaltools.arm-none.win32_1.3.0.201507241045/tools/compiler/bin/../lib/gcc/arm-none-eabi/4.9.3/../../../../arm-none-eabi/lib/armv7e-m/fpu/crt0.o (__libc_init_array)
c:/eclipse/java/eclipse/plugins/fr.ac6.mcu.externaltools.arm-none.win32_1.3.0.201507241045/tools/compiler/bin/../lib/gcc/arm-none-eabi/4.9.3/../../../../arm-none-eabi/lib/armv7e-m/fpu\libc.a(lib_a-malloc.o)
                              Utilities/STM32L476G-Discovery/stm32l476g_discovery_audio.o (malloc)
c:/eclipse/java/eclipse/plugins/fr.ac6.mcu.externaltools.arm-none.win32_1.3.0.201507241045/tools/compiler/bin/../lib/gcc/arm-none-eabi/4.9.3/../../../../arm-none-eabi/lib/armv7e-m/fpu\libc.a(lib_a-mallocr.o)
                              c:/eclipse/java/eclipse/plugins/fr.ac6.mcu.externaltools.arm-none.win32_1.3.0.201507241045/tools/compiler/bin/../lib/gcc/arm-none-eabi/4.9.3/../../../../arm-none-eabi/lib/armv7e-m/fpu\libc.a(lib_a-malloc.o) (_malloc_r)
c:/eclipse/java/eclipse/plugins/fr.ac6.mcu.externaltools.arm-none.win32_1.3.0.201507241045/tools/compiler/bin/../lib/gcc/arm-none-eabi/4.9.3/../../../../arm-none-eabi/lib/armv7e-m/fpu\libc.a(lib_a-memset.o)
                              c:/eclipse/java/eclipse/plugins/fr.ac6.mcu.externaltools.arm-none.win32_1.3.0.201507241045/tools/compiler/bin/../lib/gcc/arm-none-eabi/4.9.3/../../../../arm-none-eabi/lib/armv7e-m/fpu/crt0.o (memset)
c:/eclipse/java/eclipse/plugins/fr.ac6.mcu.externaltools.arm-none.win32_1.3.0.201507241045/tools/compiler/bin/../lib/gcc/arm-none-eabi/4.9.3/../../../../arm-none-eabi/lib/armv7e-m/fpu\libc.a(lib_a-mlock.o)
[...]
Memory Configuration

Name             Origin             Length             Attributes
FLASH            0x08000000         0x00100000         xr
RAM              0x20000000         0x00018000         xrw
*default*        0x00000000         0xffffffff

Linker script and memory map

LOAD c:/eclipse/java/eclipse/plugins/fr.ac6.mcu.externaltools.arm-none.win32_1.3.0.201507241045/tools/compiler/bin/../lib/gcc/arm-none-eabi/4.9.3/armv7e-m/fpu/crti.o
LOAD c:/eclipse/java/eclipse/plugins/fr.ac6.mcu.externaltools.arm-none.win32_1.3.0.201507241045/tools/compiler/bin/../lib/gcc/arm-none-eabi/4.9.3/armv7e-m/fpu/crtbegin.o
LOAD c:/eclipse/java/eclipse/plugins/fr.ac6.mcu.externaltools.arm-none.win32_1.3.0.201507241045/tools/compiler/bin/../lib/gcc/arm-none-eabi/4.9.3/../../../../arm-none-eabi/lib/armv7e-m/fpu/crt0.o
LOAD HAL_Driver/Src/stm32l4xx_hal.o
LOAD HAL_Driver/Src/stm32l4xx_hal_adc.o
LOAD HAL_Driver/Src/stm32l4xx_hal_adc_ex.o
LOAD HAL_Driver/Src/stm32l4xx_hal_can.o
LOAD HAL_Driver/Src/stm32l4xx_hal_comp.o
LOAD HAL_Driver/Src/stm32l4xx_hal_cortex.o
LOAD HAL_Driver/Src/stm32l4xx_hal_crc.o
LOAD HAL_Driver/Src/stm32l4xx_hal_crc_ex.o
LOAD HAL_Driver/Src/stm32l4xx_hal_cryp.o
LOAD HAL_Driver/Src/stm32l4xx_hal_cryp_ex.o
LOAD HAL_Driver/Src/stm32l4xx_hal_dac.o
LOAD HAL_Driver/Src/stm32l4xx_hal_dac_ex.o
LOAD HAL_Driver/Src/stm32l4xx_hal_dfsdm.o
LOAD HAL_Driver/Src/stm32l4xx_hal_dma.o
LOAD HAL_Driver/Src/stm32l4xx_hal_firewall.o
LOAD HAL_Driver/Src/stm32l4xx_hal_flash.o
LOAD HAL_Driver/Src/stm32l4xx_hal_flash_ex.o
LOAD HAL_Driver/Src/stm32l4xx_hal_flash_ramfunc.o
LOAD HAL_Driver/Src/stm32l4xx_hal_gpio.o
LOAD HAL_Driver/Src/stm32l4xx_hal_hcd.o
LOAD HAL_Driver/Src/stm32l4xx_hal_i2c.o
LOAD HAL_Driver/Src/stm32l4xx_hal_i2c_ex.o
LOAD HAL_Driver/Src/stm32l4xx_hal_irda.o
LOAD HAL_Driver/Src/stm32l4xx_hal_iwdg.o
LOAD HAL_Driver/Src/stm32l4xx_hal_lcd.o
LOAD HAL_Driver/Src/stm32l4xx_hal_lptim.o
LOAD HAL_Driver/Src/stm32l4xx_hal_msp_template.o
LOAD HAL_Driver/Src/stm32l4xx_hal_nand.o
LOAD HAL_Driver/Src/stm32l4xx_hal_nor.o
LOAD HAL_Driver/Src/stm32l4xx_hal_opamp.o
LOAD HAL_Driver/Src/stm32l4xx_hal_opamp_ex.o
LOAD HAL_Driver/Src/stm32l4xx_hal_pcd.o
LOAD HAL_Driver/Src/stm32l4xx_hal_pcd_ex.o
LOAD HAL_Driver/Src/stm32l4xx_hal_pwr.o
LOAD HAL_Driver/Src/stm32l4xx_hal_pwr_ex.o
LOAD HAL_Driver/Src/stm32l4xx_hal_qspi.o
LOAD HAL_Driver/Src/stm32l4xx_hal_rcc.o
LOAD HAL_Driver/Src/stm32l4xx_hal_rcc_ex.o
LOAD HAL_Driver/Src/stm32l4xx_hal_rng.o
LOAD HAL_Driver/Src/stm32l4xx_hal_rtc.o
LOAD HAL_Driver/Src/stm32l4xx_hal_rtc_ex.o
LOAD HAL_Driver/Src/stm32l4xx_hal_sai.o
LOAD HAL_Driver/Src/stm32l4xx_hal_sd.o
LOAD HAL_Driver/Src/stm32l4xx_hal_smartcard.o
LOAD HAL_Driver/Src/stm32l4xx_hal_smartcard_ex.o
LOAD HAL_Driver/Src/stm32l4xx_hal_smbus.o
LOAD HAL_Driver/Src/stm32l4xx_hal_spi.o
LOAD HAL_Driver/Src/stm32l4xx_hal_spi_ex.o
LOAD HAL_Driver/Src/stm32l4xx_hal_sram.o
LOAD HAL_Driver/Src/stm32l4xx_hal_swpmi.o
LOAD HAL_Driver/Src/stm32l4xx_hal_tim.o
LOAD HAL_Driver/Src/stm32l4xx_hal_tim_ex.o
LOAD HAL_Driver/Src/stm32l4xx_hal_tsc.o
LOAD HAL_Driver/Src/stm32l4xx_hal_uart.o
LOAD HAL_Driver/Src/stm32l4xx_hal_uart_ex.o
LOAD HAL_Driver/Src/stm32l4xx_hal_usart.o
LOAD HAL_Driver/Src/stm32l4xx_hal_wwdg.o
LOAD HAL_Driver/Src/stm32l4xx_ll_fmc.o
LOAD HAL_Driver/Src/stm32l4xx_ll_sdmmc.o
LOAD HAL_Driver/Src/stm32l4xx_ll_usb.o
LOAD Utilities/Components/cs43l22/cs43l22.o
LOAD Utilities/Components/hx8347g/hx8347g.o
LOAD Utilities/Components/l3gd20/l3gd20.o
LOAD Utilities/Components/lsm303c/lsm303c.o
LOAD Utilities/Components/lsm303dlhc/lsm303dlhc.o
LOAD Utilities/Components/mfxstm32l152/mfxstm32l152.o
LOAD Utilities/Components/st7735/st7735.o
LOAD Utilities/Components/stmpe1600/stmpe1600.o
LOAD Utilities/Components/stmpe811/stmpe811.o
LOAD Utilities/Components/wm8994/wm8994.o
LOAD Utilities/STM32L476G-Discovery/stm32l476g_discovery.o
LOAD Utilities/STM32L476G-Discovery/stm32l476g_discovery_audio.o
LOAD Utilities/STM32L476G-Discovery/stm32l476g_discovery_compass.o
LOAD Utilities/STM32L476G-Discovery/stm32l476g_discovery_glass_lcd.o
LOAD Utilities/STM32L476G-Discovery/stm32l476g_discovery_gyroscope.o
LOAD Utilities/STM32L476G-Discovery/stm32l476g_discovery_idd.o
LOAD Utilities/STM32L476G-Discovery/stm32l476g_discovery_qspi.o
LOAD src/CComm.o
LOAD src/CMainMenu.o
LOAD src/gpio.o
LOAD src/main.o
LOAD src/spi.o
LOAD src/stm32l4xx_hal_msp.o
LOAD src/stm32l4xx_it.o
LOAD src/syscalls.o
LOAD src/system_stm32l4xx.o
LOAD src/usart.o
LOAD startup/startup_stm32l476xx.o
LOAD c:/eclipse/java/eclipse/plugins/fr.ac6.mcu.externaltools.arm-none.win32_1.3.0.201507241045/tools/compiler/bin/../lib/gcc/arm-none-eabi/4.9.3/../../../../arm-none-eabi/lib/armv7e-m/fpu\libstdc++.a
LOAD c:/eclipse/java/eclipse/plugins/fr.ac6.mcu.externaltools.arm-none.win32_1.3.0.201507241045/tools/compiler/bin/../lib/gcc/arm-none-eabi/4.9.3/../../../../arm-none-eabi/lib/armv7e-m/fpu\libm.a
START GROUP
LOAD c:/eclipse/java/eclipse/plugins/fr.ac6.mcu.externaltools.arm-none.win32_1.3.0.201507241045/tools/compiler/bin/../lib/gcc/arm-none-eabi/4.9.3/armv7e-m/fpu\libgcc.a
LOAD c:/eclipse/java/eclipse/plugins/fr.ac6.mcu.externaltools.arm-none.win32_1.3.0.201507241045/tools/compiler/bin/../lib/gcc/arm-none-eabi/4.9.3/../../../../arm-none-eabi/lib/armv7e-m/fpu\libc.a
END GROUP
LOAD c:/eclipse/java/eclipse/plugins/fr.ac6.mcu.externaltools.arm-none.win32_1.3.0.201507241045/tools/compiler/bin/../lib/gcc/arm-none-eabi/4.9.3/armv7e-m/fpu/crtend.o
LOAD c:/eclipse/java/eclipse/plugins/fr.ac6.mcu.externaltools.arm-none.win32_1.3.0.201507241045/tools/compiler/bin/../lib/gcc/arm-none-eabi/4.9.3/armv7e-m/fpu/crtn.o
                0x20018000                _estack = 0x20018000
                0x00000200                _Min_Heap_Size = 0x200
                0x00000400                _Min_Stack_Size = 0x400

.isr_vector     0x08000000      0x188
                0x08000000                . = ALIGN (0x8)
 *(.isr_vector)
 .isr_vector    0x08000000      0x188 startup/startup_stm32l476xx.o
                0x08000000                g_pfnVectors
                0x08000188                . = ALIGN (0x8)

.text           0x08000188     0x7358
                0x08000188                . = ALIGN (0x8)
 *(.text)
 .text          0x08000188       0x5c c:/eclipse/java/eclipse/plugins/fr.ac6.mcu.externaltools.arm-none.win32_1.3.0.201507241045/tools/compiler/bin/../lib/gcc/arm-none-eabi/4.9.3/armv7e-m/fpu/crtbegin.o
 .text          0x080001e4       0x30 c:/eclipse/java/eclipse/plugins/fr.ac6.mcu.externaltools.arm-none.win32_1.3.0.201507241045/tools/compiler/bin/../lib/gcc/arm-none-eabi/4.9.3/armv7e-m/fpu\libgcc.a(_aeabi_uldivmod.o)
                0x080001e4                __aeabi_uldivmod
 .text          0x08000214       0x60 c:/eclipse/java/eclipse/plugins/fr.ac6.mcu.externaltools.arm-none.win32_1.3.0.201507241045/tools/compiler/bin/../lib/gcc/arm-none-eabi/4.9.3/armv7e-m/fpu\libgcc.a(bpabi.o)
                0x08000214                __gnu_ldivmod_helper
                0x08000244                __gnu_uldivmod_helper
 .text          0x08000274        0x4 c:/eclipse/java/eclipse/plugins/fr.ac6.mcu.externaltools.arm-none.win32_1.3.0.201507241045/tools/compiler/bin/../lib/gcc/arm-none-eabi/4.9.3/armv7e-m/fpu\libgcc.a(_dvmd_tls.o)
                0x08000274                __aeabi_idiv0
                0x08000274                __aeabi_ldiv0
 .text          0x08000278      0x29c c:/eclipse/java/eclipse/plugins/fr.ac6.mcu.externaltools.arm-none.win32_1.3.0.201507241045/tools/compiler/bin/../lib/gcc/arm-none-eabi/4.9.3/armv7e-m/fpu\libgcc.a(_divdi3.o)
                0x08000278                __divdi3
 .text          0x08000514      0x26c c:/eclipse/java/eclipse/plugins/fr.ac6.mcu.externaltools.arm-none.win32_1.3.0.201507241045/tools/compiler/bin/../lib/gcc/arm-none-eabi/4.9.3/armv7e-m/fpu\libgcc.a(_udivdi3.o)
                0x08000514                __udivdi3
 .text          0x08000780      0x134 c:/eclipse/java/eclipse/plugins/fr.ac6.mcu.externaltools.arm-none.win32_1.3.0.201507241045/tools/compiler/bin/../lib/gcc/arm-none-eabi/4.9.3/../../../../arm-none-eabi/lib/armv7e-m/fpu\libc.a(lib_a-memcpy.o)
                0x08000780                memcpy
 .text          0x080008b4      0x370 c:/eclipse/java/eclipse/plugins/fr.ac6.mcu.externaltools.arm-none.win32_1.3.0.201507241045/tools/compiler/bin/../lib/gcc/arm-none-eabi/4.9.3/armv7e-m/fpu\libgcc.a(_arm_addsubdf3.o)
                0x080008b4                __aeabi_drsub
                0x080008bc                __aeabi_dsub
                0x080008bc                __subdf3
                0x080008c0                __aeabi_dadd
                0x080008c0                __adddf3
                0x08000b38                __floatunsidf
                0x08000b38                __aeabi_ui2d
                0x08000b58                __floatsidf
                0x08000b58                __aeabi_i2d
                0x08000b7c                __aeabi_f2d
                0x08000b7c                __extendsfdf2
                0x08000bb8                __floatundidf
                0x08000bb8                __aeabi_ul2d
                0x08000bc8                __floatdidf
                0x08000bc8                __aeabi_l2d
 .text          0x08000c24      0x424 c:/eclipse/java/eclipse/plugins/fr.ac6.mcu.externaltools.arm-none.win32_1.3.0.201507241045/tools/compiler/bin/../lib/gcc/arm-none-eabi/4.9.3/armv7e-m/fpu\libgcc.a(_arm_muldivdf3.o)
                0x08000c24                __aeabi_dmul
                0x08000c24                __muldf3
                0x08000e78                __divdf3
                0x08000e78                __aeabi_ddiv
 .text          0x08001048      0x110 c:/eclipse/java/eclipse/plugins/fr.ac6.mcu.externaltools.arm-none.win32_1.3.0.201507241045/tools/compiler/bin/../lib/gcc/arm-none-eabi/4.9.3/armv7e-m/fpu\libgcc.a(_arm_cmpdf2.o)
                0x08001048                __gtdf2
                0x08001048                __gedf2
                0x08001050                __ltdf2
                0x08001050                __ledf2
                0x08001058                __nedf2
                0x08001058                __eqdf2
                0x08001058                __cmpdf2
                0x080010d4                __aeabi_cdrcmple
                0x080010e4                __aeabi_cdcmpeq
                0x080010e4                __aeabi_cdcmple
                0x080010f4                __aeabi_dcmpeq
                0x08001108                __aeabi_dcmplt
                0x0800111c                __aeabi_dcmple
                0x08001130                __aeabi_dcmpge
                0x08001144                __aeabi_dcmpgt
 .text          0x08001158       0x50 c:/eclipse/java/eclipse/plugins/fr.ac6.mcu.externaltools.arm-none.win32_1.3.0.201507241045/tools/compiler/bin/../lib/gcc/arm-none-eabi/4.9.3/armv7e-m/fpu\libgcc.a(_arm_fixdfsi.o)
                0x08001158                __aeabi_d2iz
                0x08001158                __fixdfsi
 *(.text*)
 .text.HAL_InitTick
                0x080011a8       0x28 HAL_Driver/Src/stm32l4xx_hal.o
                0x080011a8                HAL_InitTick
 .text.HAL_Init
                0x080011d0       0x18 HAL_Driver/Src/stm32l4xx_hal.o
                0x080011d0                HAL_Init
 .text.HAL_IncTick
                0x080011e8       0x10 HAL_Driver/Src/stm32l4xx_hal.o
                0x080011e8                HAL_IncTick
 .text.HAL_GetTick
                0x080011f8        0xc HAL_Driver/Src/stm32l4xx_hal.o
                0x080011f8                HAL_GetTick
 .text.HAL_NVIC_SetPriorityGrouping
                0x08001204       0x24 HAL_Driver/Src/stm32l4xx_hal_cortex.o
                0x08001204                HAL_NVIC_SetPriorityGrouping
 .text.HAL_NVIC_SetPriority
                0x08001228       0x6c HAL_Driver/Src/stm32l4xx_hal_cortex.o
                0x08001228                HAL_NVIC_SetPriority
 .text.HAL_SYSTICK_Config
                0x08001294       0x34 HAL_Driver/Src/stm32l4xx_hal_cortex.o
                0x08001294                HAL_SYSTICK_Config
 .text.HAL_SYSTICK_CLKSourceConfig
                0x080012c8       0x18 HAL_Driver/Src/stm32l4xx_hal_cortex.o
                0x080012c8                HAL_SYSTICK_CLKSourceConfig
 .text.HAL_SYSTICK_Callback
                0x080012e0        0x4 HAL_Driver/Src/stm32l4xx_hal_cortex.o
                0x080012e0                HAL_SYSTICK_Callback
 .text.HAL_SYSTICK_IRQHandler
                0x080012e4        0x8 HAL_Driver/Src/stm32l4xx_hal_cortex.o
                0x080012e4                HAL_SYSTICK_IRQHandler
 .text.HAL_GPIO_Init
                0x080012ec      0x240 HAL_Driver/Src/stm32l4xx_hal_gpio.o
                0x080012ec                HAL_GPIO_Init
 .text.HAL_MspInit
                0x0800152c       0x34 HAL_Driver/Src/stm32l4xx_hal_msp_template.o
                0x0800152c                HAL_MspInit
 .text.HAL_PWREx_GetVoltageRange
                0x08001560       0x10 HAL_Driver/Src/stm32l4xx_hal_pwr_ex.o
                0x08001560                HAL_PWREx_GetVoltageRange
 .text.HAL_PWREx_ControlVoltageScaling
                0x08001570       0x80 HAL_Driver/Src/stm32l4xx_hal_pwr_ex.o
                0x08001570                HAL_PWREx_ControlVoltageScaling
 .text.HAL_RCC_OscConfig
                0x080015f0      0x8a4 HAL_Driver/Src/stm32l4xx_hal_rcc.o
                0x080015f0                HAL_RCC_OscConfig
 .text.HAL_RCC_ClockConfig
                0x08001e94      0x258 HAL_Driver/Src/stm32l4xx_hal_rcc.o
                0x08001e94                HAL_RCC_ClockConfig
 .text.HAL_RCC_GetSysClockFreq
                0x080020ec       0xf8 HAL_Driver/Src/stm32l4xx_hal_rcc.o
                0x080020ec                HAL_RCC_GetSysClockFreq
 .text.HAL_RCC_GetHCLKFreq
                0x080021e4      0x124 HAL_Driver/Src/stm32l4xx_hal_rcc.o
                0x080021e4                HAL_RCC_GetHCLKFreq
 .text.HAL_RCC_GetPCLK1Freq
                0x08002308      0x140 HAL_Driver/Src/stm32l4xx_hal_rcc.o
                0x08002308                HAL_RCC_GetPCLK1Freq
 .text.HAL_RCC_GetPCLK2Freq
                0x08002448      0x140 HAL_Driver/Src/stm32l4xx_hal_rcc.o
                0x08002448                HAL_RCC_GetPCLK2Freq
 .text.RCCEx_PLLSAI1_ConfigNP
                0x08002588       0xb4 HAL_Driver/Src/stm32l4xx_hal_rcc_ex.o
 .text.RCCEx_PLLSAI2_ConfigNP
                0x0800263c       0xb4 HAL_Driver/Src/stm32l4xx_hal_rcc_ex.o
 .text.RCCEx_PLLSAI1_ConfigNQ
                0x080026f0       0xb4 HAL_Driver/Src/stm32l4xx_hal_rcc_ex.o
 .text.HAL_RCCEx_PeriphCLKConfig
                0x080027a4      0x58c HAL_Driver/Src/stm32l4xx_hal_rcc_ex.o
                0x080027a4                HAL_RCCEx_PeriphCLKConfig
 .text.HAL_SPI_Init
                0x08002d30      0x12c HAL_Driver/Src/stm32l4xx_hal_spi.o
                0x08002d30                HAL_SPI_Init
 .text.HAL_UART_Transmit
                0x08002e5c      0x148 HAL_Driver/Src/stm32l4xx_hal_uart.o
                0x08002e5c                HAL_UART_Transmit
 .text.UART_AdvFeatureConfig
                0x08002fa4       0xb0 HAL_Driver/Src/stm32l4xx_hal_uart.o
                0x08002fa4                UART_AdvFeatureConfig
 .text.HAL_UART_Init
                0x08003054      0x424 HAL_Driver/Src/stm32l4xx_hal_uart.o
                0x08003054                HAL_UART_Init
 .text._ZN5CComm4initEv
                0x08003478       0x14 src/CComm.o
                0x08003478                CComm::init()
 .text._ZN5CComm6updateEv
                0x0800348c       0x54 src/CComm.o
                0x0800348c                CComm::update()
 .text.startup._GLOBAL__sub_I__ZN5CComm18communicationTimerE
                0x080034e0        0xc src/CComm.o
 .text._ZN9CMainMenu4initEv
                0x080034ec       0x10 src/CMainMenu.o
                0x080034ec                CMainMenu::init()
 .text._ZN9CMainMenu3runEv
                0x080034fc        0xc src/CMainMenu.o
                0x080034fc                CMainMenu::run()
 .text.MX_GPIO_Init
                0x08003508       0xf4 src/gpio.o
                0x08003508                MX_GPIO_Init
 .text._Z18SystemClock_Configv
                0x080035fc       0x9c src/main.o
                0x080035fc                SystemClock_Config()
 .text.startup.main
                0x08003698       0x24 src/main.o
                0x08003698                main
 .text.MX_SPI2_Init
                0x080036bc       0x4c src/spi.o
                0x080036bc                MX_SPI2_Init
 .text.HAL_SPI_MspInit
                0x08003708       0x4c src/spi.o
                0x08003708                HAL_SPI_MspInit
 .text.SysTick_Handler
                0x08003754       0x18 src/stm32l4xx_it.o
                0x08003754                SysTick_Handler
 .text._sbrk    0x0800376c       0x34 src/syscalls.o
                0x0800376c                _sbrk
 .text.SystemInit
                0x080037a0       0x50 src/system_stm32l4xx.o
                0x080037a0                SystemInit
 .text.send     0x080037f0       0x20 src/usart.o
                0x080037f0                send
 .text.MX_USART2_UART_Init
                0x08003810       0x34 src/usart.o
                0x08003810                MX_USART2_UART_Init
 .text.HAL_UART_MspInit
                0x08003844       0x4c src/usart.o
                0x08003844                HAL_UART_MspInit
 .text.Reset_Handler
                0x08003890       0x50 startup/startup_stm32l476xx.o
                0x08003890                Reset_Handler
 .text.Default_Handler
                0x080038e0        0x2 startup/startup_stm32l476xx.o
                0x080038e0                RTC_Alarm_IRQHandler
                0x080038e0                EXTI2_IRQHandler
                0x080038e0                TIM8_TRG_COM_IRQHandler
                0x080038e0                TIM8_CC_IRQHandler
                0x080038e0                DebugMon_Handler
                0x080038e0                DFSDM0_IRQHandler
                0x080038e0                TIM1_CC_IRQHandler
                0x080038e0                TSC_IRQHandler
                0x080038e0                HardFault_Handler
                0x080038e0                TAMP_STAMP_IRQHandler
                0x080038e0                PendSV_Handler
                0x080038e0                NMI_Handler
                0x080038e0                EXTI3_IRQHandler
                0x080038e0                LPTIM2_IRQHandler
                0x080038e0                I2C3_ER_IRQHandler
                0x080038e0                EXTI0_IRQHandler
                0x080038e0                I2C2_EV_IRQHandler
                0x080038e0                CAN1_RX0_IRQHandler
                0x080038e0                FPU_IRQHandler
                0x080038e0                TIM1_UP_TIM16_IRQHandler
                0x080038e0                UsageFault_Handler
                0x080038e0                ADC1_2_IRQHandler
                0x080038e0                SPI1_IRQHandler
                0x080038e0                TIM6_DAC_IRQHandler
                0x080038e0                TIM8_UP_IRQHandler
                0x080038e0                DMA2_Channel2_IRQHandler
                0x080038e0                DMA1_Channel4_IRQHandler
                0x080038e0                SAI2_IRQHandler
                0x080038e0                USART3_IRQHandler
                0x080038e0                DMA1_Channel7_IRQHandler
                0x080038e0                CAN1_RX1_IRQHandler
                0x080038e0                LCD_IRQHandler
                0x080038e0                UART5_IRQHandler
                0x080038e0                ADC3_IRQHandler
                0x080038e0                TIM4_IRQHandler
                0x080038e0                DMA2_Channel1_IRQHandler
                0x080038e0                QUADSPI_IRQHandler
                0x080038e0                I2C1_EV_IRQHandler
                0x080038e0                DMA1_Channel6_IRQHandler
                0x080038e0                UART4_IRQHandler
                0x080038e0                DMA2_Channel4_IRQHandler
                0x080038e0                TIM3_IRQHandler
                0x080038e0                RCC_IRQHandler
                0x080038e0                DMA1_Channel1_IRQHandler
                0x080038e0                Default_Handler
                0x080038e0                DMA2_Channel7_IRQHandler
                0x080038e0                EXTI15_10_IRQHandler
                0x080038e0                TIM7_IRQHandler
                0x080038e0                SDMMC1_IRQHandler
                0x080038e0                TIM5_IRQHandler
                0x080038e0                I2C3_EV_IRQHandler
                0x080038e0                DFSDM2_IRQHandler
                0x080038e0                EXTI9_5_IRQHandler
                0x080038e0                RTC_WKUP_IRQHandler
                0x080038e0                PVD_PVM_IRQHandler
                0x080038e0                SPI2_IRQHandler
                0x080038e0                DFSDM3_IRQHandler
                0x080038e0                MemManage_Handler
                0x080038e0                CAN1_TX_IRQHandler
                0x080038e0                SVC_Handler
                0x080038e0                DMA2_Channel5_IRQHandler
                0x080038e0                DMA1_Channel5_IRQHandler
                0x080038e0                EXTI4_IRQHandler
                0x080038e0                RNG_IRQHandler
                0x080038e0                TIM1_TRG_COM_TIM17_IRQHandler
                0x080038e0                DMA1_Channel3_IRQHandler
                0x080038e0                COMP_IRQHandler
                0x080038e0                WWDG_IRQHandler
                0x080038e0                LPUART1_IRQHandler
                0x080038e0                DMA2_Channel6_IRQHandler
                0x080038e0                TIM2_IRQHandler
                0x080038e0                EXTI1_IRQHandler
                0x080038e0                USART2_IRQHandler
                0x080038e0                I2C2_ER_IRQHandler
                0x080038e0                DMA1_Channel2_IRQHandler
                0x080038e0                TIM8_BRK_IRQHandler
                0x080038e0                CAN1_SCE_IRQHandler
                0x080038e0                FLASH_IRQHandler
                0x080038e0                BusFault_Handler
                0x080038e0                USART1_IRQHandler
                0x080038e0                OTG_FS_IRQHandler
                0x080038e0                SPI3_IRQHandler
                0x080038e0                I2C1_ER_IRQHandler
                0x080038e0                FMC_IRQHandler
                0x080038e0                SWPMI1_IRQHandler
                0x080038e0                LPTIM1_IRQHandler
                0x080038e0                DFSDM1_IRQHandler
                0x080038e0                SAI1_IRQHandler
                0x080038e0                DMA2_Channel3_IRQHandler
                0x080038e0                TIM1_BRK_TIM15_IRQHandler
 *fill*         0x080038e2        0x2 
 .text.__errno  0x080038e4        0xc c:/eclipse/java/eclipse/plugins/fr.ac6.mcu.externaltools.arm-none.win32_1.3.0.201507241045/tools/compiler/bin/../lib/gcc/arm-none-eabi/4.9.3/../../../../arm-none-eabi/lib/armv7e-m/fpu\libc.a(lib_a-errno.o)
                0x080038e4                __errno
 .text.__libc_init_array
                0x080038f0       0x50 c:/eclipse/java/eclipse/plugins/fr.ac6.mcu.externaltools.arm-none.win32_1.3.0.201507241045/tools/compiler/bin/../lib/gcc/arm-none-eabi/4.9.3/../../../../arm-none-eabi/lib/armv7e-m/fpu\libc.a(lib_a-init.o)
                0x080038f0                __libc_init_array
 .text.malloc   0x08003940       0x10 c:/eclipse/java/eclipse/plugins/fr.ac6.mcu.externaltools.arm-none.win32_1.3.0.201507241045/tools/compiler/bin/../lib/gcc/arm-none-eabi/4.9.3/../../../../arm-none-eabi/lib/armv7e-m/fpu\libc.a(lib_a-malloc.o)
                0x08003940                malloc
 .text._malloc_r
                0x08003950      0x524 c:/eclipse/java/eclipse/plugins/fr.ac6.mcu.externaltools.arm-none.win32_1.3.0.201507241045/tools/compiler/bin/../lib/gcc/arm-none-eabi/4.9.3/../../../../arm-none-eabi/lib/armv7e-m/fpu\libc.a(lib_a-mallocr.o)
                0x08003950                _malloc_r
 .text.memset   0x08003e74       0x9c c:/eclipse/java/eclipse/plugins/fr.ac6.mcu.externaltools.arm-none.win32_1.3.0.201507241045/tools/compiler/bin/../lib/gcc/arm-none-eabi/4.9.3/../../../../arm-none-eabi/lib/armv7e-m/fpu\libc.a(lib_a-memset.o)
                0x08003e74                memset
 .text.__malloc_lock
                0x08003f10        0x4 c:/eclipse/java/eclipse/plugins/fr.ac6.mcu.externaltools.arm-none.win32_1.3.0.201507241045/tools/compiler/bin/../lib/gcc/arm-none-eabi/4.9.3/../../../../arm-none-eabi/lib/armv7e-m/fpu\libc.a(lib_a-mlock.o)
                0x08003f10                __malloc_lock
 .text.__malloc_unlock
                0x08003f14        0x4 c:/eclipse/java/eclipse/plugins/fr.ac6.mcu.externaltools.arm-none.win32_1.3.0.201507241045/tools/compiler/bin/../lib/gcc/arm-none-eabi/4.9.3/../../../../arm-none-eabi/lib/armv7e-m/fpu\libc.a(lib_a-mlock.o)
                0x08003f14                __malloc_unlock
 .text._sbrk_r  0x08003f18       0x24 c:/eclipse/java/eclipse/plugins/fr.ac6.mcu.externaltools.arm-none.win32_1.3.0.201507241045/tools/compiler/bin/../lib/gcc/arm-none-eabi/4.9.3/../../../../arm-none-eabi/lib/armv7e-m/fpu\libc.a(lib_a-sbrkr.o)
                0x08003f18                _sbrk_r
 .text.sprintf  0x08003f3c       0x4c c:/eclipse/java/eclipse/plugins/fr.ac6.mcu.externaltools.arm-none.win32_1.3.0.201507241045/tools/compiler/bin/../lib/gcc/arm-none-eabi/4.9.3/../../../../arm-none-eabi/lib/armv7e-m/fpu\libc.a(lib_a-sprintf.o)
                0x08003f3c                sprintf
 .text.strlen   0x08003f88       0x5c c:/eclipse/java/eclipse/plugins/fr.ac6.mcu.externaltools.arm-none.win32_1.3.0.201507241045/tools/compiler/bin/../lib/gcc/arm-none-eabi/4.9.3/../../../../arm-none-eabi/lib/armv7e-m/fpu\libc.a(lib_a-strlen.o)
                0x08003f88                strlen
 *fill*         0x08003fe4        0x4 
 .text._svfprintf_r
                0x08003fe8     0x14d0 c:/eclipse/java/eclipse/plugins/fr.ac6.mcu.externaltools.arm-none.win32_1.3.0.201507241045/tools/compiler/bin/../lib/gcc/arm-none-eabi/4.9.3/../../../../arm-none-eabi/lib/armv7e-m/fpu\libc.a(lib_a-svfprintf.o)
                0x08003fe8                _svfprintf_r
 .text.startup.register_fini
                0x080054b8       0x14 c:/eclipse/java/eclipse/plugins/fr.ac6.mcu.externaltools.arm-none.win32_1.3.0.201507241045/tools/compiler/bin/../lib/gcc/arm-none-eabi/4.9.3/../../../../arm-none-eabi/lib/armv7e-m/fpu\libc.a(lib_a-__call_atexit.o)
 .text.atexit   0x080054cc        0xc c:/eclipse/java/eclipse/plugins/fr.ac6.mcu.externaltools.arm-none.win32_1.3.0.201507241045/tools/compiler/bin/../lib/gcc/arm-none-eabi/4.9.3/../../../../arm-none-eabi/lib/armv7e-m/fpu\libc.a(lib_a-atexit.o)
                0x080054cc                atexit
 .text.quorem   0x080054d8      0x12c c:/eclipse/java/eclipse/plugins/fr.ac6.mcu.externaltools.arm-none.win32_1.3.0.201507241045/tools/compiler/bin/../lib/gcc/arm-none-eabi/4.9.3/../../../../arm-none-eabi/lib/armv7e-m/fpu\libc.a(lib_a-dtoa.o)
 *fill*         0x08005604        0x4 
 .text._dtoa_r  0x08005608      0xea8 c:/eclipse/java/eclipse/plugins/fr.ac6.mcu.externaltools.arm-none.win32_1.3.0.201507241045/tools/compiler/bin/../lib/gcc/arm-none-eabi/4.9.3/../../../../arm-none-eabi/lib/armv7e-m/fpu\libc.a(lib_a-dtoa.o)
                0x08005608                _dtoa_r
 .text.__libc_fini_array
                0x080064b0       0x2c c:/eclipse/java/eclipse/plugins/fr.ac6.mcu.externaltools.arm-none.win32_1.3.0.201507241045/tools/compiler/bin/../lib/gcc/arm-none-eabi/4.9.3/../../../../arm-none-eabi/lib/armv7e-m/fpu\libc.a(lib_a-fini.o)
                0x080064b0                __libc_fini_array
 .text._malloc_trim_r
                0x080064dc       0x9c c:/eclipse/java/eclipse/plugins/fr.ac6.mcu.externaltools.arm-none.win32_1.3.0.201507241045/tools/compiler/bin/../lib/gcc/arm-none-eabi/4.9.3/../../../../arm-none-eabi/lib/armv7e-m/fpu\libc.a(lib_a-freer.o)
                0x080064dc                _malloc_trim_r
 .text._free_r  0x08006578      0x1b0 c:/eclipse/java/eclipse/plugins/fr.ac6.mcu.externaltools.arm-none.win32_1.3.0.201507241045/tools/compiler/bin/../lib/gcc/arm-none-eabi/4.9.3/../../../../arm-none-eabi/lib/armv7e-m/fpu\libc.a(lib_a-freer.o)
                0x08006578                _free_r
 .text._localeconv_r
                0x08006728        0x8 c:/eclipse/java/eclipse/plugins/fr.ac6.mcu.externaltools.arm-none.win32_1.3.0.201507241045/tools/compiler/bin/../lib/gcc/arm-none-eabi/4.9.3/../../../../arm-none-eabi/lib/armv7e-m/fpu\libc.a(lib_a-locale.o)
                0x08006728                _localeconv_r
 .text.memchr   0x08006730       0x94 c:/eclipse/java/eclipse/plugins/fr.ac6.mcu.externaltools.arm-none.win32_1.3.0.201507241045/tools/compiler/bin/../lib/gcc/arm-none-eabi/4.9.3/../../../../arm-none-eabi/lib/armv7e-m/fpu\libc.a(lib_a-memchr.o)
                0x08006730                memchr
 .text._Balloc  0x080067c4       0x4c c:/eclipse/java/eclipse/plugins/fr.ac6.mcu.externaltools.arm-none.win32_1.3.0.201507241045/tools/compiler/bin/../lib/gcc/arm-none-eabi/4.9.3/../../../../arm-none-eabi/lib/armv7e-m/fpu\libc.a(lib_a-mprec.o)
                0x080067c4                _Balloc
 .text._Bfree   0x08006810       0x14 c:/eclipse/java/eclipse/plugins/fr.ac6.mcu.externaltools.arm-none.win32_1.3.0.201507241045/tools/compiler/bin/../lib/gcc/arm-none-eabi/4.9.3/../../../../arm-none-eabi/lib/armv7e-m/fpu\libc.a(lib_a-mprec.o)
                0x08006810                _Bfree
 .text.__multadd
                0x08006824       0x84 c:/eclipse/java/eclipse/plugins/fr.ac6.mcu.externaltools.arm-none.win32_1.3.0.201507241045/tools/compiler/bin/../lib/gcc/arm-none-eabi/4.9.3/../../../../arm-none-eabi/lib/armv7e-m/fpu\libc.a(lib_a-mprec.o)
                0x08006824                __multadd
 .text.__hi0bits
                0x080068a8       0x40 c:/eclipse/java/eclipse/plugins/fr.ac6.mcu.externaltools.arm-none.win32_1.3.0.201507241045/tools/compiler/bin/../lib/gcc/arm-none-eabi/4.9.3/../../../../arm-none-eabi/lib/armv7e-m/fpu\libc.a(lib_a-mprec.o)
                0x080068a8                __hi0bits
 .text.__lo0bits
                0x080068e8       0x5c c:/eclipse/java/eclipse/plugins/fr.ac6.mcu.externaltools.arm-none.win32_1.3.0.201507241045/tools/compiler/bin/../lib/gcc/arm-none-eabi/4.9.3/../../../../arm-none-eabi/lib/armv7e-m/fpu\libc.a(lib_a-mprec.o)
                0x080068e8                __lo0bits
 .text.__i2b    0x08006944       0x14 c:/eclipse/java/eclipse/plugins/fr.ac6.mcu.externaltools.arm-none.win32_1.3.0.201507241045/tools/compiler/bin/../lib/gcc/arm-none-eabi/4.9.3/../../../../arm-none-eabi/lib/armv7e-m/fpu\libc.a(lib_a-mprec.o)
                0x08006944                __i2b
 .text.__multiply
                0x08006958      0x134 c:/eclipse/java/eclipse/plugins/fr.ac6.mcu.externaltools.arm-none.win32_1.3.0.201507241045/tools/compiler/bin/../lib/gcc/arm-none-eabi/4.9.3/../../../../arm-none-eabi/lib/armv7e-m/fpu\libc.a(lib_a-mprec.o)
                0x08006958                __multiply
 .text.__pow5mult
                0x08006a8c       0xa0 c:/eclipse/java/eclipse/plugins/fr.ac6.mcu.externaltools.arm-none.win32_1.3.0.201507241045/tools/compiler/bin/../lib/gcc/arm-none-eabi/4.9.3/../../../../arm-none-eabi/lib/armv7e-m/fpu\libc.a(lib_a-mprec.o)
                0x08006a8c                __pow5mult
 .text.__lshift
                0x08006b2c       0xac c:/eclipse/java/eclipse/plugins/fr.ac6.mcu.externaltools.arm-none.win32_1.3.0.201507241045/tools/compiler/bin/../lib/gcc/arm-none-eabi/4.9.3/../../../../arm-none-eabi/lib/armv7e-m/fpu\libc.a(lib_a-mprec.o)
                0x08006b2c                __lshift
 .text.__mcmp   0x08006bd8       0x48 c:/eclipse/java/eclipse/plugins/fr.ac6.mcu.externaltools.arm-none.win32_1.3.0.201507241045/tools/compiler/bin/../lib/gcc/arm-none-eabi/4.9.3/../../../../arm-none-eabi/lib/armv7e-m/fpu\libc.a(lib_a-mprec.o)
                0x08006bd8                __mcmp
 .text.__mdiff  0x08006c20       0xd4 c:/eclipse/java/eclipse/plugins/fr.ac6.mcu.externaltools.arm-none.win32_1.3.0.201507241045/tools/compiler/bin/../lib/gcc/arm-none-eabi/4.9.3/../../../../arm-none-eabi/lib/armv7e-m/fpu\libc.a(lib_a-mprec.o)
                0x08006c20                __mdiff
 .text.__d2b    0x08006cf4       0xbc c:/eclipse/java/eclipse/plugins/fr.ac6.mcu.externaltools.arm-none.win32_1.3.0.201507241045/tools/compiler/bin/../lib/gcc/arm-none-eabi/4.9.3/../../../../arm-none-eabi/lib/armv7e-m/fpu\libc.a(lib_a-mprec.o)
                0x08006cf4                __d2b
 .text.__fpclassifyd
                0x08006db0       0x5c c:/eclipse/java/eclipse/plugins/fr.ac6.mcu.externaltools.arm-none.win32_1.3.0.201507241045/tools/compiler/bin/../lib/gcc/arm-none-eabi/4.9.3/../../../../arm-none-eabi/lib/armv7e-m/fpu\libc.a(lib_a-s_fpclassify.o)
                0x08006db0                __fpclassifyd
 .text.__ssprint_r
                0x08006e0c      0x104 c:/eclipse/java/eclipse/plugins/fr.ac6.mcu.externaltools.arm-none.win32_1.3.0.201507241045/tools/compiler/bin/../lib/gcc/arm-none-eabi/4.9.3/../../../../arm-none-eabi/lib/armv7e-m/fpu\libc.a(lib_a-svfiprintf.o)
                0x08006e0c                __ssprint_r
 .text.__register_exitproc
                0x08006f10       0xa4 c:/eclipse/java/eclipse/plugins/fr.ac6.mcu.externaltools.arm-none.win32_1.3.0.201507241045/tools/compiler/bin/../lib/gcc/arm-none-eabi/4.9.3/../../../../arm-none-eabi/lib/armv7e-m/fpu\libc.a(lib_a-__atexit.o)
                0x08006f10                __register_exitproc
 .text._calloc_r
                0x08006fb4       0x60 c:/eclipse/java/eclipse/plugins/fr.ac6.mcu.externaltools.arm-none.win32_1.3.0.201507241045/tools/compiler/bin/../lib/gcc/arm-none-eabi/4.9.3/../../../../arm-none-eabi/lib/armv7e-m/fpu\libc.a(lib_a-callocr.o)
                0x08006fb4                _calloc_r
 .text.memmove  0x08007014       0xc8 c:/eclipse/java/eclipse/plugins/fr.ac6.mcu.externaltools.arm-none.win32_1.3.0.201507241045/tools/compiler/bin/../lib/gcc/arm-none-eabi/4.9.3/../../../../arm-none-eabi/lib/armv7e-m/fpu\libc.a(lib_a-memmove.o)
                0x08007014                memmove
 .text._realloc_r
                0x080070dc      0x3ec c:/eclipse/java/eclipse/plugins/fr.ac6.mcu.externaltools.arm-none.win32_1.3.0.201507241045/tools/compiler/bin/../lib/gcc/arm-none-eabi/4.9.3/../../../../arm-none-eabi/lib/armv7e-m/fpu\libc.a(lib_a-reallocr.o)
                0x080070dc                _realloc_r
 *(.glue_7)
 .glue_7        0x00000000        0x0 linker stubs
 *(.glue_7t)
 .glue_7t       0x00000000        0x0 linker stubs
 *(.eh_frame)
 .eh_frame      0x080074c8        0x0 c:/eclipse/java/eclipse/plugins/fr.ac6.mcu.externaltools.arm-none.win32_1.3.0.201507241045/tools/compiler/bin/../lib/gcc/arm-none-eabi/4.9.3/armv7e-m/fpu/crtbegin.o
 *(.init)
 .init          0x080074c8        0x4 c:/eclipse/java/eclipse/plugins/fr.ac6.mcu.externaltools.arm-none.win32_1.3.0.201507241045/tools/compiler/bin/../lib/gcc/arm-none-eabi/4.9.3/armv7e-m/fpu/crti.o
                0x080074c8                _init
 .init          0x080074cc        0x8 c:/eclipse/java/eclipse/plugins/fr.ac6.mcu.externaltools.arm-none.win32_1.3.0.201507241045/tools/compiler/bin/../lib/gcc/arm-none-eabi/4.9.3/armv7e-m/fpu/crtn.o
 *(.fini)
 .fini          0x080074d4        0x4 c:/eclipse/java/eclipse/plugins/fr.ac6.mcu.externaltools.arm-none.win32_1.3.0.201507241045/tools/compiler/bin/../lib/gcc/arm-none-eabi/4.9.3/armv7e-m/fpu/crti.o
                0x080074d4                _fini
 .fini          0x080074d8        0x8 c:/eclipse/java/eclipse/plugins/fr.ac6.mcu.externaltools.arm-none.win32_1.3.0.201507241045/tools/compiler/bin/../lib/gcc/arm-none-eabi/4.9.3/armv7e-m/fpu/crtn.o
                0x080074e0                . = ALIGN (0x8)
                0x080074e0                _etext = .

.vfp11_veneer   0x080074e0        0x0
 .vfp11_veneer  0x00000000        0x0 linker stubs

.v4_bx          0x080074e0        0x0
 .v4_bx         0x00000000        0x0 linker stubs

.iplt           0x080074e0        0x0
 .iplt          0x00000000        0x0 c:/eclipse/java/eclipse/plugins/fr.ac6.mcu.externaltools.arm-none.win32_1.3.0.201507241045/tools/compiler/bin/../lib/gcc/arm-none-eabi/4.9.3/armv7e-m/fpu/crtbegin.o

.rodata         0x080074e0      0x1f8
                0x080074e0                . = ALIGN (0x8)
 *(.rodata)
 .rodata        0x080074e0        0x8 HAL_Driver/Src/stm32l4xx_hal_rcc.o
                0x080074e0                APBAHBPrescTable
 .rodata        0x080074e8       0x14 HAL_Driver/Src/stm32l4xx_hal_uart.o
 .rodata        0x080074fc       0x40 src/system_stm32l4xx.o
                0x080074fc                MSIRangeTable
                0x0800752c                AHBPrescTable
 *(.rodata*)
 .rodata.str1.4
                0x0800753c       0x18 src/CComm.o
 .rodata.str1.4
                0x08007554        0x2 c:/eclipse/java/eclipse/plugins/fr.ac6.mcu.externaltools.arm-none.win32_1.3.0.201507241045/tools/compiler/bin/../lib/gcc/arm-none-eabi/4.9.3/../../../../arm-none-eabi/lib/armv7e-m/fpu\libc.a(lib_a-impure.o)
                                  0x4 (size before relaxing)
 *fill*         0x08007556        0x2 
 .rodata._global_impure_ptr
                0x08007558        0x4 c:/eclipse/java/eclipse/plugins/fr.ac6.mcu.externaltools.arm-none.win32_1.3.0.201507241045/tools/compiler/bin/../lib/gcc/arm-none-eabi/4.9.3/../../../../arm-none-eabi/lib/armv7e-m/fpu\libc.a(lib_a-impure.o)
                0x08007558                _global_impure_ptr
 .rodata.zeroes.6916
                0x0800755c       0x10 c:/eclipse/java/eclipse/plugins/fr.ac6.mcu.externaltools.arm-none.win32_1.3.0.201507241045/tools/compiler/bin/../lib/gcc/arm-none-eabi/4.9.3/../../../../arm-none-eabi/lib/armv7e-m/fpu\libc.a(lib_a-svfprintf.o)
 .rodata.str1.4
                0x0800756c       0x42 c:/eclipse/java/eclipse/plugins/fr.ac6.mcu.externaltools.arm-none.win32_1.3.0.201507241045/tools/compiler/bin/../lib/gcc/arm-none-eabi/4.9.3/../../../../arm-none-eabi/lib/armv7e-m/fpu\libc.a(lib_a-svfprintf.o)
                                 0x44 (size before relaxing)
 *fill*         0x080075ae        0x2 
 .rodata.blanks.6915
                0x080075b0       0x10 c:/eclipse/java/eclipse/plugins/fr.ac6.mcu.externaltools.arm-none.win32_1.3.0.201507241045/tools/compiler/bin/../lib/gcc/arm-none-eabi/4.9.3/../../../../arm-none-eabi/lib/armv7e-m/fpu\libc.a(lib_a-svfprintf.o)
 .rodata.str1.4
                0x080075c0       0x10 c:/eclipse/java/eclipse/plugins/fr.ac6.mcu.externaltools.arm-none.win32_1.3.0.201507241045/tools/compiler/bin/../lib/gcc/arm-none-eabi/4.9.3/../../../../arm-none-eabi/lib/armv7e-m/fpu\libc.a(lib_a-dtoa.o)
                                 0x14 (size before relaxing)
 .rodata.str1.4
                0x080075d0        0xc c:/eclipse/java/eclipse/plugins/fr.ac6.mcu.externaltools.arm-none.win32_1.3.0.201507241045/tools/compiler/bin/../lib/gcc/arm-none-eabi/4.9.3/../../../../arm-none-eabi/lib/armv7e-m/fpu\libc.a(lib_a-locale.o)
                                 0x14 (size before relaxing)
 .rodata.p05.5296
                0x080075dc        0xc c:/eclipse/java/eclipse/plugins/fr.ac6.mcu.externaltools.arm-none.win32_1.3.0.201507241045/tools/compiler/bin/../lib/gcc/arm-none-eabi/4.9.3/../../../../arm-none-eabi/lib/armv7e-m/fpu\libc.a(lib_a-mprec.o)
 .rodata.__mprec_tens
                0x080075e8       0xc8 c:/eclipse/java/eclipse/plugins/fr.ac6.mcu.externaltools.arm-none.win32_1.3.0.201507241045/tools/compiler/bin/../lib/gcc/arm-none-eabi/4.9.3/../../../../arm-none-eabi/lib/armv7e-m/fpu\libc.a(lib_a-mprec.o)
                0x080075e8                __mprec_tens
 .rodata.__mprec_bigtens
                0x080076b0       0x28 c:/eclipse/java/eclipse/plugins/fr.ac6.mcu.externaltools.arm-none.win32_1.3.0.201507241045/tools/compiler/bin/../lib/gcc/arm-none-eabi/4.9.3/../../../../arm-none-eabi/lib/armv7e-m/fpu\libc.a(lib_a-mprec.o)
                0x080076b0                __mprec_bigtens
                0x080076d8                . = ALIGN (0x8)

.ARM.extab      0x080076d8        0x0
                0x080076d8                . = ALIGN (0x8)
 *(.ARM.extab* .gnu.linkonce.armextab.*)
                0x080076d8                . = ALIGN (0x8)

.ARM            0x080076d8        0x8
                0x080076d8                . = ALIGN (0x8)
                0x080076d8                __exidx_start = .
 *(.ARM.exidx*)
 .ARM.exidx     0x080076d8        0x8 c:/eclipse/java/eclipse/plugins/fr.ac6.mcu.externaltools.arm-none.win32_1.3.0.201507241045/tools/compiler/bin/../lib/gcc/arm-none-eabi/4.9.3/armv7e-m/fpu\libgcc.a(_divdi3.o)
 .ARM.exidx     0x080076e0        0x0 c:/eclipse/java/eclipse/plugins/fr.ac6.mcu.externaltools.arm-none.win32_1.3.0.201507241045/tools/compiler/bin/../lib/gcc/arm-none-eabi/4.9.3/armv7e-m/fpu\libgcc.a(_udivdi3.o)
                                  0x8 (size before relaxing)
                0x080076e0                __exidx_end = .
                0x080076e0                . = ALIGN (0x8)

.rel.dyn        0x080076e0        0x0
 .rel.iplt      0x00000000        0x0 c:/eclipse/java/eclipse/plugins/fr.ac6.mcu.externaltools.arm-none.win32_1.3.0.201507241045/tools/compiler/bin/../lib/gcc/arm-none-eabi/4.9.3/armv7e-m/fpu/crtbegin.o

.preinit_array  0x080076e0        0x0
                0x080076e0                . = ALIGN (0x8)
                0x080076e0                PROVIDE (__preinit_array_start, .)
 *(.preinit_array*)
                0x080076e0                PROVIDE (__preinit_array_end, .)
                0x080076e0                . = ALIGN (0x8)

.init_array     0x080076e0       0x10
                0x080076e0                . = ALIGN (0x8)
                0x080076e0                PROVIDE (__init_array_start, .)
 *(SORT(.init_array.*))
 .init_array.00000
                0x080076e0        0x4 c:/eclipse/java/eclipse/plugins/fr.ac6.mcu.externaltools.arm-none.win32_1.3.0.201507241045/tools/compiler/bin/../lib/gcc/arm-none-eabi/4.9.3/../../../../arm-none-eabi/lib/armv7e-m/fpu\libc.a(lib_a-__call_atexit.o)
 *(.init_array*)
 .init_array    0x080076e4        0x4 c:/eclipse/java/eclipse/plugins/fr.ac6.mcu.externaltools.arm-none.win32_1.3.0.201507241045/tools/compiler/bin/../lib/gcc/arm-none-eabi/4.9.3/armv7e-m/fpu/crtbegin.o
 .init_array    0x080076e8        0x4 src/CComm.o
                0x080076ec                PROVIDE (__init_array_end, .)
                0x080076f0                . = ALIGN (0x8)
 *fill*         0x080076ec        0x4 

.fini_array     0x080076f0        0x8
                0x080076f0                . = ALIGN (0x8)
                0x080076f0                PROVIDE (__fini_array_start, .)
 *(SORT(.fini_array.*))
 *(.fini_array*)
 .fini_array    0x080076f0        0x4 c:/eclipse/java/eclipse/plugins/fr.ac6.mcu.externaltools.arm-none.win32_1.3.0.201507241045/tools/compiler/bin/../lib/gcc/arm-none-eabi/4.9.3/armv7e-m/fpu/crtbegin.o
                0x080076f4                PROVIDE (__fini_array_end, .)
                0x080076f8                . = ALIGN (0x8)
 *fill*         0x080076f4        0x4 
                0x080076f8                _sidata = LOADADDR (.data)

.data           0x20000000      0x880 load address 0x080076f8
                0x20000000                . = ALIGN (0x8)
                0x20000000                _sdata = .
 *(.data)
 .data          0x20000000        0x4 src/system_stm32l4xx.o
                0x20000000                SystemCoreClock
 *(.data*)
 *fill*         0x20000004        0x4 
 .data.impure_data
                0x20000008      0x428 c:/eclipse/java/eclipse/plugins/fr.ac6.mcu.externaltools.arm-none.win32_1.3.0.201507241045/tools/compiler/bin/../lib/gcc/arm-none-eabi/4.9.3/../../../../arm-none-eabi/lib/armv7e-m/fpu\libc.a(lib_a-impure.o)
 .data._impure_ptr
                0x20000430        0x4 c:/eclipse/java/eclipse/plugins/fr.ac6.mcu.externaltools.arm-none.win32_1.3.0.201507241045/tools/compiler/bin/../lib/gcc/arm-none-eabi/4.9.3/../../../../arm-none-eabi/lib/armv7e-m/fpu\libc.a(lib_a-impure.o)
                0x20000430                _impure_ptr
 .data.__malloc_av_
                0x20000434      0x408 c:/eclipse/java/eclipse/plugins/fr.ac6.mcu.externaltools.arm-none.win32_1.3.0.201507241045/tools/compiler/bin/../lib/gcc/arm-none-eabi/4.9.3/../../../../arm-none-eabi/lib/armv7e-m/fpu\libc.a(lib_a-mallocr.o)
                0x20000434                __malloc_av_
 .data.__malloc_trim_threshold
                0x2000083c        0x4 c:/eclipse/java/eclipse/plugins/fr.ac6.mcu.externaltools.arm-none.win32_1.3.0.201507241045/tools/compiler/bin/../lib/gcc/arm-none-eabi/4.9.3/../../../../arm-none-eabi/lib/armv7e-m/fpu\libc.a(lib_a-mallocr.o)
                0x2000083c                __malloc_trim_threshold
 .data.__malloc_sbrk_base
                0x20000840        0x4 c:/eclipse/java/eclipse/plugins/fr.ac6.mcu.externaltools.arm-none.win32_1.3.0.201507241045/tools/compiler/bin/../lib/gcc/arm-none-eabi/4.9.3/../../../../arm-none-eabi/lib/armv7e-m/fpu\libc.a(lib_a-mallocr.o)
                0x20000840                __malloc_sbrk_base
 .data.lconv    0x20000844       0x38 c:/eclipse/java/eclipse/plugins/fr.ac6.mcu.externaltools.arm-none.win32_1.3.0.201507241045/tools/compiler/bin/../lib/gcc/arm-none-eabi/4.9.3/../../../../arm-none-eabi/lib/armv7e-m/fpu\libc.a(lib_a-locale.o)
                0x20000880                . = ALIGN (0x8)
 *fill*         0x2000087c        0x4 
                0x20000880                _edata = .

.jcr            0x20000880        0x0 load address 0x08007f78
 .jcr           0x20000880        0x0 c:/eclipse/java/eclipse/plugins/fr.ac6.mcu.externaltools.arm-none.win32_1.3.0.201507241045/tools/compiler/bin/../lib/gcc/arm-none-eabi/4.9.3/armv7e-m/fpu/crtbegin.o

.igot.plt       0x20000880        0x0 load address 0x08007f78
 .igot.plt      0x00000000        0x0 c:/eclipse/java/eclipse/plugins/fr.ac6.mcu.externaltools.arm-none.win32_1.3.0.201507241045/tools/compiler/bin/../lib/gcc/arm-none-eabi/4.9.3/armv7e-m/fpu/crtbegin.o
                0x20000880                . = ALIGN (0x4)

.bss            0x20000880      0x2d4 load address 0x08007f78
                0x20000880                _sbss = .
                0x20000880                __bss_start__ = _sbss
 *(.bss)
 .bss           0x20000880       0x1c c:/eclipse/java/eclipse/plugins/fr.ac6.mcu.externaltools.arm-none.win32_1.3.0.201507241045/tools/compiler/bin/../lib/gcc/arm-none-eabi/4.9.3/armv7e-m/fpu/crtbegin.o
 .bss           0x2000089c        0x4 HAL_Driver/Src/stm32l4xx_hal.o
 .bss           0x200008a0      0x19c src/CComm.o
                0x200008a0                CComm::communicationTimer
                0x200008ac                CComm::printBuffer
 .bss           0x20000a3c        0x4 src/stm32l4xx_it.o
 .bss           0x20000a40        0x8 src/syscalls.o
                0x20000a44                __env
 *(.bss*)
 .bss.__malloc_max_total_mem
                0x20000a48        0x4 c:/eclipse/java/eclipse/plugins/fr.ac6.mcu.externaltools.arm-none.win32_1.3.0.201507241045/tools/compiler/bin/../lib/gcc/arm-none-eabi/4.9.3/../../../../arm-none-eabi/lib/armv7e-m/fpu\libc.a(lib_a-mallocr.o)
                0x20000a48                __malloc_max_total_mem
 .bss.__malloc_max_sbrked_mem
                0x20000a4c        0x4 c:/eclipse/java/eclipse/plugins/fr.ac6.mcu.externaltools.arm-none.win32_1.3.0.201507241045/tools/compiler/bin/../lib/gcc/arm-none-eabi/4.9.3/../../../../arm-none-eabi/lib/armv7e-m/fpu\libc.a(lib_a-mallocr.o)
                0x20000a4c                __malloc_max_sbrked_mem
 .bss.__malloc_top_pad
                0x20000a50        0x4 c:/eclipse/java/eclipse/plugins/fr.ac6.mcu.externaltools.arm-none.win32_1.3.0.201507241045/tools/compiler/bin/../lib/gcc/arm-none-eabi/4.9.3/../../../../arm-none-eabi/lib/armv7e-m/fpu\libc.a(lib_a-mallocr.o)
                0x20000a50                __malloc_top_pad
 .bss.__malloc_current_mallinfo
                0x20000a54       0x28 c:/eclipse/java/eclipse/plugins/fr.ac6.mcu.externaltools.arm-none.win32_1.3.0.201507241045/tools/compiler/bin/../lib/gcc/arm-none-eabi/4.9.3/../../../../arm-none-eabi/lib/armv7e-m/fpu\libc.a(lib_a-mallocr.o)
                0x20000a54                __malloc_current_mallinfo
 *(COMMON)
 COMMON         0x20000a7c       0x64 src/spi.o
                0x20000a7c                hspi2
 COMMON         0x20000ae0       0x70 src/usart.o
                0x20000ae0                huart2
 COMMON         0x20000b50        0x4 c:/eclipse/java/eclipse/plugins/fr.ac6.mcu.externaltools.arm-none.win32_1.3.0.201507241045/tools/compiler/bin/../lib/gcc/arm-none-eabi/4.9.3/../../../../arm-none-eabi/lib/armv7e-m/fpu\libc.a(lib_a-reent.o)
                0x20000b50                errno
                0x20000b54                . = ALIGN (0x4)
                0x20000b54                _ebss = .
                0x20000b54                __bss_end__ = _ebss

._user_heap_stack
                0x20000b54      0x604 load address 0x08007f78
                0x20000b58                . = ALIGN (0x8)
 *fill*         0x20000b54        0x4 
                0x20000b58                PROVIDE (end, .)
                0x20000b58                PROVIDE (_end, .)
                0x20000d58                . = (. + _Min_Heap_Size)
 *fill*         0x20000b58      0x200 
                0x20001158                . = (. + _Min_Stack_Size)
 *fill*         0x20000d58      0x400 
                0x20001158                . = ALIGN (0x8)

/DISCARD/
 libc.a(*)
 libm.a(*)
 libgcc.a(*)

.ARM.attributes
                0x00000000       0x30
 *(.ARM.attributes)
 .ARM.attributes
                0x00000000       0x22 c:/eclipse/java/eclipse/plugins/fr.ac6.mcu.externaltools.arm-none.win32_1.3.0.201507241045/tools/compiler/bin/../lib/gcc/arm-none-eabi/4.9.3/armv7e-m/fpu/crti.o
 .ARM.attributes
                0x00000022       0x34 c:/eclipse/java/eclipse/plugins/fr.ac6.mcu.externaltools.arm-none.win32_1.3.0.201507241045/tools/compiler/bin/../lib/gcc/arm-none-eabi/4.9.3/armv7e-m/fpu/crtbegin.o
 .ARM.attributes
                0x00000056       0x39 HAL_Driver/Src/stm32l4xx_hal.o
 .ARM.attributes
                0x0000008f       0x39 HAL_Driver/Src/stm32l4xx_hal_cortex.o
 .ARM.attributes
                0x000000c8       0x39 HAL_Driver/Src/stm32l4xx_hal_gpio.o
 .ARM.attributes
                0x00000101       0x39 HAL_Driver/Src/stm32l4xx_hal_msp_template.o
 .ARM.attributes
                0x0000013a       0x39 HAL_Driver/Src/stm32l4xx_hal_pwr_ex.o
 .ARM.attributes
                0x00000173       0x39 HAL_Driver/Src/stm32l4xx_hal_rcc.o
 .ARM.attributes
                0x000001ac       0x39 HAL_Driver/Src/stm32l4xx_hal_rcc_ex.o
 .ARM.attributes
                0x000001e5       0x39 HAL_Driver/Src/stm32l4xx_hal_spi.o
 .ARM.attributes
                0x0000021e       0x39 HAL_Driver/Src/stm32l4xx_hal_uart.o
 .ARM.attributes
                0x00000257       0x39 src/CComm.o
 .ARM.attributes
                0x00000290       0x39 src/CMainMenu.o
 .ARM.attributes
                0x000002c9       0x39 src/gpio.o
 .ARM.attributes
                0x00000302       0x39 src/main.o
 .ARM.attributes
                0x0000033b       0x39 src/spi.o
 .ARM.attributes
                0x00000374       0x39 src/stm32l4xx_it.o
 .ARM.attributes
                0x000003ad       0x39 src/syscalls.o
 .ARM.attributes
                0x000003e6       0x39 src/system_stm32l4xx.o
 .ARM.attributes
                0x0000041f       0x39 src/usart.o
 .ARM.attributes
                0x00000458       0x21 startup/startup_stm32l476xx.o
 .ARM.attributes
                0x00000479       0x22 c:/eclipse/java/eclipse/plugins/fr.ac6.mcu.externaltools.arm-none.win32_1.3.0.201507241045/tools/compiler/bin/../lib/gcc/arm-none-eabi/4.9.3/armv7e-m/fpu\libgcc.a(_aeabi_uldivmod.o)
 .ARM.attributes
                0x0000049b       0x34 c:/eclipse/java/eclipse/plugins/fr.ac6.mcu.externaltools.arm-none.win32_1.3.0.201507241045/tools/compiler/bin/../lib/gcc/arm-none-eabi/4.9.3/armv7e-m/fpu\libgcc.a(bpabi.o)
 .ARM.attributes
                0x000004cf       0x22 c:/eclipse/java/eclipse/plugins/fr.ac6.mcu.externaltools.arm-none.win32_1.3.0.201507241045/tools/compiler/bin/../lib/gcc/arm-none-eabi/4.9.3/armv7e-m/fpu\libgcc.a(_dvmd_tls.o)
 .ARM.attributes
                0x000004f1       0x34 c:/eclipse/java/eclipse/plugins/fr.ac6.mcu.externaltools.arm-none.win32_1.3.0.201507241045/tools/compiler/bin/../lib/gcc/arm-none-eabi/4.9.3/armv7e-m/fpu\libgcc.a(_divdi3.o)
 .ARM.attributes
                0x00000525       0x34 c:/eclipse/java/eclipse/plugins/fr.ac6.mcu.externaltools.arm-none.win32_1.3.0.201507241045/tools/compiler/bin/../lib/gcc/arm-none-eabi/4.9.3/armv7e-m/fpu\libgcc.a(_udivdi3.o)
 .ARM.attributes
                0x00000559       0x34 c:/eclipse/java/eclipse/plugins/fr.ac6.mcu.externaltools.arm-none.win32_1.3.0.201507241045/tools/compiler/bin/../lib/gcc/arm-none-eabi/4.9.3/../../../../arm-none-eabi/lib/armv7e-m/fpu\libc.a(lib_a-errno.o)
 .ARM.attributes
                0x0000058d       0x34 c:/eclipse/java/eclipse/plugins/fr.ac6.mcu.externaltools.arm-none.win32_1.3.0.201507241045/tools/compiler/bin/../lib/gcc/arm-none-eabi/4.9.3/../../../../arm-none-eabi/lib/armv7e-m/fpu\libc.a(lib_a-impure.o)
 .ARM.attributes
                0x000005c1       0x34 c:/eclipse/java/eclipse/plugins/fr.ac6.mcu.externaltools.arm-none.win32_1.3.0.201507241045/tools/compiler/bin/../lib/gcc/arm-none-eabi/4.9.3/../../../../arm-none-eabi/lib/armv7e-m/fpu\libc.a(lib_a-init.o)
 .ARM.attributes
                0x000005f5       0x34 c:/eclipse/java/eclipse/plugins/fr.ac6.mcu.externaltools.arm-none.win32_1.3.0.201507241045/tools/compiler/bin/../lib/gcc/arm-none-eabi/4.9.3/../../../../arm-none-eabi/lib/armv7e-m/fpu\libc.a(lib_a-malloc.o)
 .ARM.attributes
                0x00000629       0x34 c:/eclipse/java/eclipse/plugins/fr.ac6.mcu.externaltools.arm-none.win32_1.3.0.201507241045/tools/compiler/bin/../lib/gcc/arm-none-eabi/4.9.3/../../../../arm-none-eabi/lib/armv7e-m/fpu\libc.a(lib_a-mallocr.o)
 .ARM.attributes
                0x0000065d       0x34 c:/eclipse/java/eclipse/plugins/fr.ac6.mcu.externaltools.arm-none.win32_1.3.0.201507241045/tools/compiler/bin/../lib/gcc/arm-none-eabi/4.9.3/../../../../arm-none-eabi/lib/armv7e-m/fpu\libc.a(lib_a-memset.o)
 .ARM.attributes
                0x00000691       0x34 c:/eclipse/java/eclipse/plugins/fr.ac6.mcu.externaltools.arm-none.win32_1.3.0.201507241045/tools/compiler/bin/../lib/gcc/arm-none-eabi/4.9.3/../../../../arm-none-eabi/lib/armv7e-m/fpu\libc.a(lib_a-mlock.o)
 .ARM.attributes
                0x000006c5       0x34 c:/eclipse/java/eclipse/plugins/fr.ac6.mcu.externaltools.arm-none.win32_1.3.0.201507241045/tools/compiler/bin/../lib/gcc/arm-none-eabi/4.9.3/../../../../arm-none-eabi/lib/armv7e-m/fpu\libc.a(lib_a-sbrkr.o)
 .ARM.attributes
                0x000006f9       0x34 c:/eclipse/java/eclipse/plugins/fr.ac6.mcu.externaltools.arm-none.win32_1.3.0.201507241045/tools/compiler/bin/../lib/gcc/arm-none-eabi/4.9.3/../../../../arm-none-eabi/lib/armv7e-m/fpu\libc.a(lib_a-sprintf.o)
 .ARM.attributes
                0x0000072d       0x34 c:/eclipse/java/eclipse/plugins/fr.ac6.mcu.externaltools.arm-none.win32_1.3.0.201507241045/tools/compiler/bin/../lib/gcc/arm-none-eabi/4.9.3/../../../../arm-none-eabi/lib/armv7e-m/fpu\libc.a(lib_a-strlen.o)
 .ARM.attributes
                0x00000761       0x34 c:/eclipse/java/eclipse/plugins/fr.ac6.mcu.externaltools.arm-none.win32_1.3.0.201507241045/tools/compiler/bin/../lib/gcc/arm-none-eabi/4.9.3/../../../../arm-none-eabi/lib/armv7e-m/fpu\libc.a(lib_a-svfprintf.o)
 .ARM.attributes
                0x00000795       0x34 c:/eclipse/java/eclipse/plugins/fr.ac6.mcu.externaltools.arm-none.win32_1.3.0.201507241045/tools/compiler/bin/../lib/gcc/arm-none-eabi/4.9.3/../../../../arm-none-eabi/lib/armv7e-m/fpu\libc.a(lib_a-__call_atexit.o)
 .ARM.attributes
                0x000007c9       0x34 c:/eclipse/java/eclipse/plugins/fr.ac6.mcu.externaltools.arm-none.win32_1.3.0.201507241045/tools/compiler/bin/../lib/gcc/arm-none-eabi/4.9.3/../../../../arm-none-eabi/lib/armv7e-m/fpu\libc.a(lib_a-atexit.o)
 .ARM.attributes
                0x000007fd       0x34 c:/eclipse/java/eclipse/plugins/fr.ac6.mcu.externaltools.arm-none.win32_1.3.0.201507241045/tools/compiler/bin/../lib/gcc/arm-none-eabi/4.9.3/../../../../arm-none-eabi/lib/armv7e-m/fpu\libc.a(lib_a-dtoa.o)
 .ARM.attributes
                0x00000831       0x34 c:/eclipse/java/eclipse/plugins/fr.ac6.mcu.externaltools.arm-none.win32_1.3.0.201507241045/tools/compiler/bin/../lib/gcc/arm-none-eabi/4.9.3/../../../../arm-none-eabi/lib/armv7e-m/fpu\libc.a(lib_a-fini.o)
 .ARM.attributes
                0x00000865       0x34 c:/eclipse/java/eclipse/plugins/fr.ac6.mcu.externaltools.arm-none.win32_1.3.0.201507241045/tools/compiler/bin/../lib/gcc/arm-none-eabi/4.9.3/../../../../arm-none-eabi/lib/armv7e-m/fpu\libc.a(lib_a-freer.o)
 .ARM.attributes
                0x00000899       0x34 c:/eclipse/java/eclipse/plugins/fr.ac6.mcu.externaltools.arm-none.win32_1.3.0.201507241045/tools/compiler/bin/../lib/gcc/arm-none-eabi/4.9.3/../../../../arm-none-eabi/lib/armv7e-m/fpu\libc.a(lib_a-locale.o)
 .ARM.attributes
                0x000008cd       0x34 c:/eclipse/java/eclipse/plugins/fr.ac6.mcu.externaltools.arm-none.win32_1.3.0.201507241045/tools/compiler/bin/../lib/gcc/arm-none-eabi/4.9.3/../../../../arm-none-eabi/lib/armv7e-m/fpu\libc.a(lib_a-memchr.o)
 .ARM.attributes
                0x00000901       0x20 c:/eclipse/java/eclipse/plugins/fr.ac6.mcu.externaltools.arm-none.win32_1.3.0.201507241045/tools/compiler/bin/../lib/gcc/arm-none-eabi/4.9.3/../../../../arm-none-eabi/lib/armv7e-m/fpu\libc.a(lib_a-memcpy.o)
 .ARM.attributes
                0x00000921       0x34 c:/eclipse/java/eclipse/plugins/fr.ac6.mcu.externaltools.arm-none.win32_1.3.0.201507241045/tools/compiler/bin/../lib/gcc/arm-none-eabi/4.9.3/../../../../arm-none-eabi/lib/armv7e-m/fpu\libc.a(lib_a-mprec.o)
 .ARM.attributes
                0x00000955       0x34 c:/eclipse/java/eclipse/plugins/fr.ac6.mcu.externaltools.arm-none.win32_1.3.0.201507241045/tools/compiler/bin/../lib/gcc/arm-none-eabi/4.9.3/../../../../arm-none-eabi/lib/armv7e-m/fpu\libc.a(lib_a-reent.o)
 .ARM.attributes
                0x00000989       0x34 c:/eclipse/java/eclipse/plugins/fr.ac6.mcu.externaltools.arm-none.win32_1.3.0.201507241045/tools/compiler/bin/../lib/gcc/arm-none-eabi/4.9.3/../../../../arm-none-eabi/lib/armv7e-m/fpu\libc.a(lib_a-s_fpclassify.o)
 .ARM.attributes
                0x000009bd       0x34 c:/eclipse/java/eclipse/plugins/fr.ac6.mcu.externaltools.arm-none.win32_1.3.0.201507241045/tools/compiler/bin/../lib/gcc/arm-none-eabi/4.9.3/../../../../arm-none-eabi/lib/armv7e-m/fpu\libc.a(lib_a-svfiprintf.o)
 .ARM.attributes
                0x000009f1       0x34 c:/eclipse/java/eclipse/plugins/fr.ac6.mcu.externaltools.arm-none.win32_1.3.0.201507241045/tools/compiler/bin/../lib/gcc/arm-none-eabi/4.9.3/../../../../arm-none-eabi/lib/armv7e-m/fpu\libc.a(lib_a-__atexit.o)
 .ARM.attributes
                0x00000a25       0x34 c:/eclipse/java/eclipse/plugins/fr.ac6.mcu.externaltools.arm-none.win32_1.3.0.201507241045/tools/compiler/bin/../lib/gcc/arm-none-eabi/4.9.3/../../../../arm-none-eabi/lib/armv7e-m/fpu\libc.a(lib_a-callocr.o)
 .ARM.attributes
                0x00000a59       0x34 c:/eclipse/java/eclipse/plugins/fr.ac6.mcu.externaltools.arm-none.win32_1.3.0.201507241045/tools/compiler/bin/../lib/gcc/arm-none-eabi/4.9.3/../../../../arm-none-eabi/lib/armv7e-m/fpu\libc.a(lib_a-memmove.o)
 .ARM.attributes
                0x00000a8d       0x34 c:/eclipse/java/eclipse/plugins/fr.ac6.mcu.externaltools.arm-none.win32_1.3.0.201507241045/tools/compiler/bin/../lib/gcc/arm-none-eabi/4.9.3/../../../../arm-none-eabi/lib/armv7e-m/fpu\libc.a(lib_a-reallocr.o)
 .ARM.attributes
                0x00000ac1       0x22 c:/eclipse/java/eclipse/plugins/fr.ac6.mcu.externaltools.arm-none.win32_1.3.0.201507241045/tools/compiler/bin/../lib/gcc/arm-none-eabi/4.9.3/armv7e-m/fpu\libgcc.a(_arm_addsubdf3.o)
 .ARM.attributes
                0x00000ae3       0x22 c:/eclipse/java/eclipse/plugins/fr.ac6.mcu.externaltools.arm-none.win32_1.3.0.201507241045/tools/compiler/bin/../lib/gcc/arm-none-eabi/4.9.3/armv7e-m/fpu\libgcc.a(_arm_muldivdf3.o)
 .ARM.attributes
                0x00000b05       0x22 c:/eclipse/java/eclipse/plugins/fr.ac6.mcu.externaltools.arm-none.win32_1.3.0.201507241045/tools/compiler/bin/../lib/gcc/arm-none-eabi/4.9.3/armv7e-m/fpu\libgcc.a(_arm_cmpdf2.o)
 .ARM.attributes
                0x00000b27       0x22 c:/eclipse/java/eclipse/plugins/fr.ac6.mcu.externaltools.arm-none.win32_1.3.0.201507241045/tools/compiler/bin/../lib/gcc/arm-none-eabi/4.9.3/armv7e-m/fpu\libgcc.a(_arm_fixdfsi.o)
 .ARM.attributes
                0x00000b49       0x22 c:/eclipse/java/eclipse/plugins/fr.ac6.mcu.externaltools.arm-none.win32_1.3.0.201507241045/tools/compiler/bin/../lib/gcc/arm-none-eabi/4.9.3/armv7e-m/fpu/crtn.o
OUTPUT(FlyControll.elf elf32-littlearm)

.comment        0x00000000       0x70
 .comment       0x00000000       0x70 HAL_Driver/Src/stm32l4xx_hal.o
                                 0x71 (size before relaxing)
 .comment       0x00000000       0x71 HAL_Driver/Src/stm32l4xx_hal_cortex.o
 .comment       0x00000000       0x71 HAL_Driver/Src/stm32l4xx_hal_gpio.o
 .comment       0x00000000       0x71 HAL_Driver/Src/stm32l4xx_hal_msp_template.o
 .comment       0x00000000       0x71 HAL_Driver/Src/stm32l4xx_hal_pwr_ex.o
 .comment       0x00000000       0x71 HAL_Driver/Src/stm32l4xx_hal_rcc.o
 .comment       0x00000000       0x71 HAL_Driver/Src/stm32l4xx_hal_rcc_ex.o
 .comment       0x00000000       0x71 HAL_Driver/Src/stm32l4xx_hal_spi.o
 .comment       0x00000000       0x71 HAL_Driver/Src/stm32l4xx_hal_uart.o
 .comment       0x00000000       0x71 src/CComm.o
 .comment       0x00000000       0x71 src/CMainMenu.o
 .comment       0x00000000       0x71 src/gpio.o
 .comment       0x00000000       0x71 src/main.o
 .comment       0x00000000       0x71 src/spi.o
 .comment       0x00000000       0x71 src/stm32l4xx_it.o
 .comment       0x00000000       0x71 src/syscalls.o
 .comment       0x00000000       0x71 src/system_stm32l4xx.o
 .comment       0x00000000       0x71 src/usart.o

.debug_frame    0x00000000      0x9f4
 .debug_frame   0x00000000       0x28 c:/eclipse/java/eclipse/plugins/fr.ac6.mcu.externaltools.arm-none.win32_1.3.0.201507241045/tools/compiler/bin/../lib/gcc/arm-none-eabi/4.9.3/armv7e-m/fpu\libgcc.a(_aeabi_uldivmod.o)
 .debug_frame   0x00000028       0x50 c:/eclipse/java/eclipse/plugins/fr.ac6.mcu.externaltools.arm-none.win32_1.3.0.201507241045/tools/compiler/bin/../lib/gcc/arm-none-eabi/4.9.3/armv7e-m/fpu\libgcc.a(bpabi.o)
 .debug_frame   0x00000078       0x34 c:/eclipse/java/eclipse/plugins/fr.ac6.mcu.externaltools.arm-none.win32_1.3.0.201507241045/tools/compiler/bin/../lib/gcc/arm-none-eabi/4.9.3/armv7e-m/fpu\libgcc.a(_divdi3.o)
 .debug_frame   0x000000ac       0x30 c:/eclipse/java/eclipse/plugins/fr.ac6.mcu.externaltools.arm-none.win32_1.3.0.201507241045/tools/compiler/bin/../lib/gcc/arm-none-eabi/4.9.3/armv7e-m/fpu\libgcc.a(_udivdi3.o)
 .debug_frame   0x000000dc       0x20 c:/eclipse/java/eclipse/plugins/fr.ac6.mcu.externaltools.arm-none.win32_1.3.0.201507241045/tools/compiler/bin/../lib/gcc/arm-none-eabi/4.9.3/../../../../arm-none-eabi/lib/armv7e-m/fpu\libc.a(lib_a-errno.o)
 .debug_frame   0x000000fc       0x2c c:/eclipse/java/eclipse/plugins/fr.ac6.mcu.externaltools.arm-none.win32_1.3.0.201507241045/tools/compiler/bin/../lib/gcc/arm-none-eabi/4.9.3/../../../../arm-none-eabi/lib/armv7e-m/fpu\libc.a(lib_a-init.o)
 .debug_frame   0x00000128       0x30 c:/eclipse/java/eclipse/plugins/fr.ac6.mcu.externaltools.arm-none.win32_1.3.0.201507241045/tools/compiler/bin/../lib/gcc/arm-none-eabi/4.9.3/../../../../arm-none-eabi/lib/armv7e-m/fpu\libc.a(lib_a-malloc.o)
 .debug_frame   0x00000158       0x58 c:/eclipse/java/eclipse/plugins/fr.ac6.mcu.externaltools.arm-none.win32_1.3.0.201507241045/tools/compiler/bin/../lib/gcc/arm-none-eabi/4.9.3/../../../../arm-none-eabi/lib/armv7e-m/fpu\libc.a(lib_a-mallocr.o)
 .debug_frame   0x000001b0       0x34 c:/eclipse/java/eclipse/plugins/fr.ac6.mcu.externaltools.arm-none.win32_1.3.0.201507241045/tools/compiler/bin/../lib/gcc/arm-none-eabi/4.9.3/../../../../arm-none-eabi/lib/armv7e-m/fpu\libc.a(lib_a-memset.o)
 .debug_frame   0x000001e4       0x30 c:/eclipse/java/eclipse/plugins/fr.ac6.mcu.externaltools.arm-none.win32_1.3.0.201507241045/tools/compiler/bin/../lib/gcc/arm-none-eabi/4.9.3/../../../../arm-none-eabi/lib/armv7e-m/fpu\libc.a(lib_a-mlock.o)
 .debug_frame   0x00000214       0x2c c:/eclipse/java/eclipse/plugins/fr.ac6.mcu.externaltools.arm-none.win32_1.3.0.201507241045/tools/compiler/bin/../lib/gcc/arm-none-eabi/4.9.3/../../../../arm-none-eabi/lib/armv7e-m/fpu\libc.a(lib_a-sbrkr.o)
 .debug_frame   0x00000240       0x84 c:/eclipse/java/eclipse/plugins/fr.ac6.mcu.externaltools.arm-none.win32_1.3.0.201507241045/tools/compiler/bin/../lib/gcc/arm-none-eabi/4.9.3/../../../../arm-none-eabi/lib/armv7e-m/fpu\libc.a(lib_a-sprintf.o)
 .debug_frame   0x000002c4       0x20 c:/eclipse/java/eclipse/plugins/fr.ac6.mcu.externaltools.arm-none.win32_1.3.0.201507241045/tools/compiler/bin/../lib/gcc/arm-none-eabi/4.9.3/../../../../arm-none-eabi/lib/armv7e-m/fpu\libc.a(lib_a-strlen.o)
 .debug_frame   0x000002e4       0x40 c:/eclipse/java/eclipse/plugins/fr.ac6.mcu.externaltools.arm-none.win32_1.3.0.201507241045/tools/compiler/bin/../lib/gcc/arm-none-eabi/4.9.3/../../../../arm-none-eabi/lib/armv7e-m/fpu\libc.a(lib_a-svfprintf.o)
 .debug_frame   0x00000324       0x50 c:/eclipse/java/eclipse/plugins/fr.ac6.mcu.externaltools.arm-none.win32_1.3.0.201507241045/tools/compiler/bin/../lib/gcc/arm-none-eabi/4.9.3/../../../../arm-none-eabi/lib/armv7e-m/fpu\libc.a(lib_a-__call_atexit.o)
 .debug_frame   0x00000374       0x20 c:/eclipse/java/eclipse/plugins/fr.ac6.mcu.externaltools.arm-none.win32_1.3.0.201507241045/tools/compiler/bin/../lib/gcc/arm-none-eabi/4.9.3/../../../../arm-none-eabi/lib/armv7e-m/fpu\libc.a(lib_a-atexit.o)
 .debug_frame   0x00000394       0x88 c:/eclipse/java/eclipse/plugins/fr.ac6.mcu.externaltools.arm-none.win32_1.3.0.201507241045/tools/compiler/bin/../lib/gcc/arm-none-eabi/4.9.3/../../../../arm-none-eabi/lib/armv7e-m/fpu\libc.a(lib_a-dtoa.o)
 .debug_frame   0x0000041c       0x34 c:/eclipse/java/eclipse/plugins/fr.ac6.mcu.externaltools.arm-none.win32_1.3.0.201507241045/tools/compiler/bin/../lib/gcc/arm-none-eabi/4.9.3/../../../../arm-none-eabi/lib/armv7e-m/fpu\libc.a(lib_a-fini.o)
 .debug_frame   0x00000450       0x74 c:/eclipse/java/eclipse/plugins/fr.ac6.mcu.externaltools.arm-none.win32_1.3.0.201507241045/tools/compiler/bin/../lib/gcc/arm-none-eabi/4.9.3/../../../../arm-none-eabi/lib/armv7e-m/fpu\libc.a(lib_a-freer.o)
 .debug_frame   0x000004c4       0x9c c:/eclipse/java/eclipse/plugins/fr.ac6.mcu.externaltools.arm-none.win32_1.3.0.201507241045/tools/compiler/bin/../lib/gcc/arm-none-eabi/4.9.3/../../../../arm-none-eabi/lib/armv7e-m/fpu\libc.a(lib_a-locale.o)
 .debug_frame   0x00000560       0x3c c:/eclipse/java/eclipse/plugins/fr.ac6.mcu.externaltools.arm-none.win32_1.3.0.201507241045/tools/compiler/bin/../lib/gcc/arm-none-eabi/4.9.3/../../../../arm-none-eabi/lib/armv7e-m/fpu\libc.a(lib_a-memchr.o)
 .debug_frame   0x0000059c      0x268 c:/eclipse/java/eclipse/plugins/fr.ac6.mcu.externaltools.arm-none.win32_1.3.0.201507241045/tools/compiler/bin/../lib/gcc/arm-none-eabi/4.9.3/../../../../arm-none-eabi/lib/armv7e-m/fpu\libc.a(lib_a-mprec.o)
 .debug_frame   0x00000804       0x58 c:/eclipse/java/eclipse/plugins/fr.ac6.mcu.externaltools.arm-none.win32_1.3.0.201507241045/tools/compiler/bin/../lib/gcc/arm-none-eabi/4.9.3/../../../../arm-none-eabi/lib/armv7e-m/fpu\libc.a(lib_a-reent.o)
 .debug_frame   0x0000085c       0x34 c:/eclipse/java/eclipse/plugins/fr.ac6.mcu.externaltools.arm-none.win32_1.3.0.201507241045/tools/compiler/bin/../lib/gcc/arm-none-eabi/4.9.3/../../../../arm-none-eabi/lib/armv7e-m/fpu\libc.a(lib_a-s_fpclassify.o)
 .debug_frame   0x00000890       0x78 c:/eclipse/java/eclipse/plugins/fr.ac6.mcu.externaltools.arm-none.win32_1.3.0.201507241045/tools/compiler/bin/../lib/gcc/arm-none-eabi/4.9.3/../../../../arm-none-eabi/lib/armv7e-m/fpu\libc.a(lib_a-svfiprintf.o)
 .debug_frame   0x00000908       0x34 c:/eclipse/java/eclipse/plugins/fr.ac6.mcu.externaltools.arm-none.win32_1.3.0.201507241045/tools/compiler/bin/../lib/gcc/arm-none-eabi/4.9.3/../../../../arm-none-eabi/lib/armv7e-m/fpu\libc.a(lib_a-__atexit.o)
 .debug_frame   0x0000093c       0x28 c:/eclipse/java/eclipse/plugins/fr.ac6.mcu.externaltools.arm-none.win32_1.3.0.201507241045/tools/compiler/bin/../lib/gcc/arm-none-eabi/4.9.3/../../../../arm-none-eabi/lib/armv7e-m/fpu\libc.a(lib_a-callocr.o)
 .debug_frame   0x00000964       0x30 c:/eclipse/java/eclipse/plugins/fr.ac6.mcu.externaltools.arm-none.win32_1.3.0.201507241045/tools/compiler/bin/../lib/gcc/arm-none-eabi/4.9.3/../../../../arm-none-eabi/lib/armv7e-m/fpu\libc.a(lib_a-memmove.o)
 .debug_frame   0x00000994       0x60 c:/eclipse/java/eclipse/plugins/fr.ac6.mcu.externaltools.arm-none.win32_1.3.0.201507241045/tools/compiler/bin/../lib/gcc/arm-none-eabi/4.9.3/../../../../arm-none-eabi/lib/armv7e-m/fpu\libc.a(lib_a-reallocr.o)
